<html>
<body>
<pre>
<h1>µVision Build Log</h1>
<h2>Tool Versions:</h2>
IDE-Version: µVision V5.16a
Copyright (C) 2015 ARM Ltd and ARM Germany GmbH. All rights reserved.
License Information: Gtit Gtit PUCRS Flex license: MDK-ARM Professional: 100 user(s) (mdk_pro) Operation stops: 2 Aug 2018
 
Tool Versions:
Toolchain:       MDK-ARM Professional: 100 user(s)  Version: 5.16a
Toolchain Path:  C:\Keil_v5\ARM\ARMCC\Bin
C Compiler:      Armcc.exe V5.06 (build 20)
Assembler:       Armasm.exe V5.06 (build 20)
Linker/Locator:  ArmLink.exe V5.06 (build 20)
Library Manager: ArmAr.exe V5.06 (build 20)
Hex Converter:   FromElf.exe V5.06 (build 20)
CPU DLL:         SARMCM3.DLL V5.16a
Dialog DLL:      DCM.DLL V1.13.2.0
Target DLL:      STLink\ST-LINKIII-KEIL_SWO.dll V2.0.17.0
Dialog DLL:      TCM.DLL V1.14.5.0
 
<h2>Project:</h2>
C:\Users\15104095\Desktop\TFT\MDK-ARM\TFT.uvprojx
Project File Date:  03/26/2018

<h2>Output:</h2>
*** Using Compiler 'V5.06 (build 20)', folder: 'C:\Keil_v5\ARM\ARMCC\Bin'
Build target 'TFT'
compiling main.c...
linking...
Program Size: Code=22916 RO-data=10404 RW-data=292 ZI-data=5412  
"TFT\TFT.axf" - 0 Error(s), 0 Warning(s).

<h2>Collection of Component include folders:</h2>
  C:\Users\15104095\Desktop\TFT\MDK-ARM\RTE
  C:\Keil_v5\ARM\PACK\Keil\STM32F4xx_DFP\2.6.0\Drivers\CMSIS\Device\ST\STM32F4xx\Include

<h2>Collection of Component Files used:</h2>
Build Time Elapsed:  00:00:05
</pre>
</body>
</html>
