Component: ARM Compiler 5.06 (build 20) Tool: armlink [4d35a3]

==============================================================================

Section Cross References

    startup_stm32f429xx.o(RESET) refers to startup_stm32f429xx.o(STACK) for __initial_sp
    startup_stm32f429xx.o(RESET) refers to startup_stm32f429xx.o(.text) for Reset_Handler
    startup_stm32f429xx.o(RESET) refers to stm32f4xx_it.o(i.SysTick_Handler) for SysTick_Handler
    startup_stm32f429xx.o(RESET) refers to stm32f4xx_it.o(i.OTG_HS_IRQHandler) for OTG_HS_IRQHandler
    startup_stm32f429xx.o(.text) refers to system_stm32f4xx.o(i.SystemInit) for SystemInit
    startup_stm32f429xx.o(.text) refers to entry.o(.ARM.Collect$$$$00000000) for __main
    i2c.o(i.HAL_I2C_MspDeInit) refers to stm32f4xx_hal_gpio.o(i.HAL_GPIO_DeInit) for HAL_GPIO_DeInit
    i2c.o(i.HAL_I2C_MspInit) refers to stm32f4xx_hal_gpio.o(i.HAL_GPIO_Init) for HAL_GPIO_Init
    i2c.o(i.MX_I2C3_Init) refers to stm32f4xx_hal_i2c.o(i.HAL_I2C_Init) for HAL_I2C_Init
    i2c.o(i.MX_I2C3_Init) refers to main.o(i._Error_Handler) for _Error_Handler
    i2c.o(i.MX_I2C3_Init) refers to i2c.o(.bss) for .bss
    usart.o(i.HAL_UART_MspDeInit) refers to stm32f4xx_hal_gpio.o(i.HAL_GPIO_DeInit) for HAL_GPIO_DeInit
    usart.o(i.HAL_UART_MspInit) refers to stm32f4xx_hal_gpio.o(i.HAL_GPIO_Init) for HAL_GPIO_Init
    usart.o(i.MX_USART1_UART_Init) refers to stm32f4xx_hal_uart.o(i.HAL_UART_Init) for HAL_UART_Init
    usart.o(i.MX_USART1_UART_Init) refers to main.o(i._Error_Handler) for _Error_Handler
    usart.o(i.MX_USART1_UART_Init) refers to usart.o(.bss) for .bss
    usbh_conf.o(i.HAL_HCD_Connect_Callback) refers to usbh_core.o(i.USBH_LL_Connect) for USBH_LL_Connect
    usbh_conf.o(i.HAL_HCD_Disconnect_Callback) refers to usbh_core.o(i.USBH_LL_Disconnect) for USBH_LL_Disconnect
    usbh_conf.o(i.HAL_HCD_MspDeInit) refers to stm32f4xx_hal_gpio.o(i.HAL_GPIO_DeInit) for HAL_GPIO_DeInit
    usbh_conf.o(i.HAL_HCD_MspDeInit) refers to stm32f4xx_hal_cortex.o(i.HAL_NVIC_DisableIRQ) for HAL_NVIC_DisableIRQ
    usbh_conf.o(i.HAL_HCD_MspInit) refers to stm32f4xx_hal_gpio.o(i.HAL_GPIO_Init) for HAL_GPIO_Init
    usbh_conf.o(i.HAL_HCD_MspInit) refers to stm32f4xx_hal_cortex.o(i.HAL_NVIC_SetPriority) for HAL_NVIC_SetPriority
    usbh_conf.o(i.HAL_HCD_MspInit) refers to stm32f4xx_hal_cortex.o(i.HAL_NVIC_EnableIRQ) for HAL_NVIC_EnableIRQ
    usbh_conf.o(i.HAL_HCD_SOF_Callback) refers to usbh_core.o(i.USBH_LL_IncTimer) for USBH_LL_IncTimer
    usbh_conf.o(i.USBH_Delay) refers to stm32f4xx_hal.o(i.HAL_Delay) for HAL_Delay
    usbh_conf.o(i.USBH_LL_ClosePipe) refers to stm32f4xx_hal_hcd.o(i.HAL_HCD_HC_Halt) for HAL_HCD_HC_Halt
    usbh_conf.o(i.USBH_LL_DeInit) refers to stm32f4xx_hal_hcd.o(i.HAL_HCD_DeInit) for HAL_HCD_DeInit
    usbh_conf.o(i.USBH_LL_DriverVBUS) refers to usbh_platform.o(i.MX_DriverVbusHS) for MX_DriverVbusHS
    usbh_conf.o(i.USBH_LL_DriverVBUS) refers to stm32f4xx_hal.o(i.HAL_Delay) for HAL_Delay
    usbh_conf.o(i.USBH_LL_GetLastXferSize) refers to stm32f4xx_hal_hcd.o(i.HAL_HCD_HC_GetXferCount) for HAL_HCD_HC_GetXferCount
    usbh_conf.o(i.USBH_LL_GetSpeed) refers to stm32f4xx_hal_hcd.o(i.HAL_HCD_GetCurrentSpeed) for HAL_HCD_GetCurrentSpeed
    usbh_conf.o(i.USBH_LL_GetURBState) refers to stm32f4xx_hal_hcd.o(i.HAL_HCD_HC_GetURBState) for HAL_HCD_HC_GetURBState
    usbh_conf.o(i.USBH_LL_Init) refers to stm32f4xx_hal_hcd.o(i.HAL_HCD_Init) for HAL_HCD_Init
    usbh_conf.o(i.USBH_LL_Init) refers to main.o(i._Error_Handler) for _Error_Handler
    usbh_conf.o(i.USBH_LL_Init) refers to stm32f4xx_hal_hcd.o(i.HAL_HCD_GetCurrentFrame) for HAL_HCD_GetCurrentFrame
    usbh_conf.o(i.USBH_LL_Init) refers to usbh_core.o(i.USBH_LL_SetTimer) for USBH_LL_SetTimer
    usbh_conf.o(i.USBH_LL_Init) refers to usbh_conf.o(.bss) for .bss
    usbh_conf.o(i.USBH_LL_OpenPipe) refers to stm32f4xx_hal_hcd.o(i.HAL_HCD_HC_Init) for HAL_HCD_HC_Init
    usbh_conf.o(i.USBH_LL_ResetPort) refers to stm32f4xx_hal_hcd.o(i.HAL_HCD_ResetPort) for HAL_HCD_ResetPort
    usbh_conf.o(i.USBH_LL_Start) refers to stm32f4xx_hal_hcd.o(i.HAL_HCD_Start) for HAL_HCD_Start
    usbh_conf.o(i.USBH_LL_Stop) refers to stm32f4xx_hal_hcd.o(i.HAL_HCD_Stop) for HAL_HCD_Stop
    usbh_conf.o(i.USBH_LL_SubmitURB) refers to stm32f4xx_hal_hcd.o(i.HAL_HCD_HC_SubmitRequest) for HAL_HCD_HC_SubmitRequest
    main.o(i.SystemClock_Config) refers to stm32f4xx_hal_rcc.o(i.HAL_RCC_OscConfig) for HAL_RCC_OscConfig
    main.o(i.SystemClock_Config) refers to stm32f4xx_hal_rcc.o(i.HAL_RCC_ClockConfig) for HAL_RCC_ClockConfig
    main.o(i.SystemClock_Config) refers to stm32f4xx_hal_rcc_ex.o(i.HAL_RCCEx_PeriphCLKConfig) for HAL_RCCEx_PeriphCLKConfig
    main.o(i.SystemClock_Config) refers to stm32f4xx_hal_rcc.o(i.HAL_RCC_GetHCLKFreq) for HAL_RCC_GetHCLKFreq
    main.o(i.SystemClock_Config) refers to stm32f4xx_hal_cortex.o(i.HAL_SYSTICK_Config) for HAL_SYSTICK_Config
[...]
    Removing stm32f4xx_hal_uart.o(i.HAL_UART_Receive_IT), (72 bytes).
    Removing stm32f4xx_hal_uart.o(i.HAL_UART_RxCpltCallback), (2 bytes).
    Removing stm32f4xx_hal_uart.o(i.HAL_UART_RxHalfCpltCallback), (2 bytes).
    Removing stm32f4xx_hal_uart.o(i.HAL_UART_Transmit), (186 bytes).
    Removing stm32f4xx_hal_uart.o(i.HAL_UART_Transmit_DMA), (128 bytes).
    Removing stm32f4xx_hal_uart.o(i.HAL_UART_Transmit_IT), (62 bytes).
    Removing stm32f4xx_hal_uart.o(i.HAL_UART_TxCpltCallback), (2 bytes).
    Removing stm32f4xx_hal_uart.o(i.HAL_UART_TxHalfCpltCallback), (2 bytes).
    Removing stm32f4xx_hal_uart.o(i.UART_DMAAbortOnError), (16 bytes).
    Removing stm32f4xx_hal_uart.o(i.UART_DMAError), (74 bytes).
    Removing stm32f4xx_hal_uart.o(i.UART_DMAReceiveCplt), (60 bytes).
    Removing stm32f4xx_hal_uart.o(i.UART_DMARxAbortCallback), (42 bytes).
    Removing stm32f4xx_hal_uart.o(i.UART_DMARxHalfCplt), (10 bytes).
    Removing stm32f4xx_hal_uart.o(i.UART_DMARxOnlyAbortCallback), (20 bytes).
    Removing stm32f4xx_hal_uart.o(i.UART_DMATransmitCplt), (46 bytes).
    Removing stm32f4xx_hal_uart.o(i.UART_DMATxAbortCallback), (42 bytes).
    Removing stm32f4xx_hal_uart.o(i.UART_DMATxHalfCplt), (10 bytes).
    Removing stm32f4xx_hal_uart.o(i.UART_DMATxOnlyAbortCallback), (20 bytes).
    Removing stm32f4xx_hal_uart.o(i.UART_EndRxTransfer), (28 bytes).
    Removing stm32f4xx_hal_uart.o(i.UART_EndTxTransfer), (18 bytes).
    Removing stm32f4xx_hal_uart.o(i.UART_Receive_IT), (140 bytes).
    Removing stm32f4xx_hal_uart.o(i.UART_SetConfig), (684 bytes).
    Removing stm32f4xx_hal_uart.o(i.UART_Transmit_IT), (98 bytes).
    Removing stm32f4xx_hal_uart.o(i.UART_WaitOnFlagUntilTimeout), (100 bytes).
    Removing stm32f4xx_hal_dma.o(.rev16_text), (4 bytes).
    Removing stm32f4xx_hal_dma.o(.revsh_text), (4 bytes).
    Removing stm32f4xx_hal_dma.o(.rrx_text), (6 bytes).
    Removing stm32f4xx_hal_dma.o(i.DMA_CalcBaseAndBitshift), (40 bytes).
    Removing stm32f4xx_hal_dma.o(i.DMA_CheckFifoParam), (84 bytes).
    Removing stm32f4xx_hal_dma.o(i.DMA_SetConfig), (40 bytes).
    Removing stm32f4xx_hal_dma.o(i.HAL_DMA_Abort), (142 bytes).
    Removing stm32f4xx_hal_dma.o(i.HAL_DMA_Abort_IT), (36 bytes).
    Removing stm32f4xx_hal_dma.o(i.HAL_DMA_DeInit), (86 bytes).
    Removing stm32f4xx_hal_dma.o(i.HAL_DMA_GetError), (4 bytes).
    Removing stm32f4xx_hal_dma.o(i.HAL_DMA_GetState), (6 bytes).
    Removing stm32f4xx_hal_dma.o(i.HAL_DMA_IRQHandler), (416 bytes).
    Removing stm32f4xx_hal_dma.o(i.HAL_DMA_Init), (212 bytes).
    Removing stm32f4xx_hal_dma.o(i.HAL_DMA_PollForTransfer), (292 bytes).
    Removing stm32f4xx_hal_dma.o(i.HAL_DMA_RegisterCallback), (80 bytes).
    Removing stm32f4xx_hal_dma.o(i.HAL_DMA_Start), (70 bytes).
    Removing stm32f4xx_hal_dma.o(i.HAL_DMA_Start_IT), (120 bytes).
    Removing stm32f4xx_hal_dma.o(i.HAL_DMA_UnRegisterCallback), (96 bytes).
    Removing stm32f4xx_hal_dma.o(.constdata), (8 bytes).
    Removing stm32f4xx_hal_ltdc_ex.o(.rev16_text), (4 bytes).
    Removing stm32f4xx_hal_ltdc_ex.o(.revsh_text), (4 bytes).
    Removing stm32f4xx_hal_ltdc_ex.o(.rrx_text), (6 bytes).
    Removing stm32f4xx_hal_tim.o(.rev16_text), (4 bytes).
    Removing stm32f4xx_hal_tim.o(.revsh_text), (4 bytes).
    Removing stm32f4xx_hal_tim.o(.rrx_text), (6 bytes).
    Removing stm32f4xx_hal_dma_ex.o(.rev16_text), (4 bytes).
    Removing stm32f4xx_hal_dma_ex.o(.revsh_text), (4 bytes).
    Removing stm32f4xx_hal_dma_ex.o(.rrx_text), (6 bytes).
    Removing stm32f4xx_hal_dma_ex.o(i.DMA_MultiBufferSetConfig), (30 bytes).
    Removing stm32f4xx_hal_dma_ex.o(i.HAL_DMAEx_ChangeMemory), (14 bytes).
    Removing stm32f4xx_hal_dma_ex.o(i.HAL_DMAEx_MultiBufferStart), (100 bytes).
    Removing stm32f4xx_hal_dma_ex.o(i.HAL_DMAEx_MultiBufferStart_IT), (2432 bytes).
    Removing stm32f4xx_hal_tim_ex.o(.rev16_text), (4 bytes).
    Removing stm32f4xx_hal_tim_ex.o(.revsh_text), (4 bytes).
    Removing stm32f4xx_hal_tim_ex.o(.rrx_text), (6 bytes).
    Removing stm32f4xx_hal_rcc.o(.rev16_text), (4 bytes).
    Removing stm32f4xx_hal_rcc.o(.revsh_text), (4 bytes).
    Removing stm32f4xx_hal_rcc.o(.rrx_text), (6 bytes).
    Removing stm32f4xx_hal_rcc.o(i.HAL_RCC_CSSCallback), (2 bytes).
    Removing stm32f4xx_hal_rcc.o(i.HAL_RCC_DeInit), (4 bytes).
    Removing stm32f4xx_hal_rcc.o(i.HAL_RCC_DisableCSS), (12 bytes).
    Removing stm32f4xx_hal_rcc.o(i.HAL_RCC_EnableCSS), (12 bytes).
    Removing stm32f4xx_hal_rcc.o(i.HAL_RCC_GetClockConfig), (64 bytes).
    Removing stm32f4xx_hal_rcc.o(i.HAL_RCC_GetOscConfig), (180 bytes).
    Removing stm32f4xx_hal_rcc.o(i.HAL_RCC_GetPCLK1Freq), (32 bytes).
    Removing stm32f4xx_hal_rcc.o(i.HAL_RCC_GetPCLK2Freq), (32 bytes).
    Removing stm32f4xx_hal_rcc.o(i.HAL_RCC_MCOConfig), (140 bytes).
    Removing stm32f4xx_hal_rcc.o(i.HAL_RCC_NMI_IRQHandler), (28 bytes).
    Removing stm32f4xx_hal_flash_ex.o(.rev16_text), (4 bytes).
    Removing stm32f4xx_hal_flash_ex.o(.revsh_text), (4 bytes).
    Removing stm32f4xx_hal_flash_ex.o(.rrx_text), (6 bytes).
    Removing stm32f4xx_hal_flash_ex.o(i.FLASH_Erase_Sector), (84 bytes).
    Removing stm32f4xx_hal_flash_ex.o(i.FLASH_FlushCaches), (84 bytes).
    Removing stm32f4xx_hal_flash_ex.o(i.FLASH_MassErase), (64 bytes).
    Removing stm32f4xx_hal_flash_ex.o(i.FLASH_OB_DisableWRP), (112 bytes).
    Removing stm32f4xx_hal_flash_ex.o(i.FLASH_OB_EnableWRP), (116 bytes).
    Removing stm32f4xx_hal_flash_ex.o(i.HAL_FLASHEx_AdvOBGetConfig), (28 bytes).
    Removing stm32f4xx_hal_flash_ex.o(i.HAL_FLASHEx_AdvOBProgram), (188 bytes).
    Removing stm32f4xx_hal_flash_ex.o(i.HAL_FLASHEx_Erase), (156 bytes).
    Removing stm32f4xx_hal_flash_ex.o(i.HAL_FLASHEx_Erase_IT), (104 bytes).
    Removing stm32f4xx_hal_flash_ex.o(i.HAL_FLASHEx_OBGetConfig), (64 bytes).
    Removing stm32f4xx_hal_flash_ex.o(i.HAL_FLASHEx_OBProgram), (184 bytes).
    Removing stm32f4xx_hal_flash_ex.o(i.HAL_FLASHEx_OB_DeSelectPCROP), (20 bytes).
    Removing stm32f4xx_hal_flash_ex.o(i.HAL_FLASHEx_OB_GetBank2WRP), (12 bytes).
    Removing stm32f4xx_hal_flash_ex.o(i.HAL_FLASHEx_OB_SelectPCROP), (24 bytes).
    Removing stm32f4xx_hal_sdram.o(.rev16_text), (4 bytes).
    Removing stm32f4xx_hal_sdram.o(.revsh_text), (4 bytes).
    Removing stm32f4xx_hal_sdram.o(.rrx_text), (6 bytes).
    Removing stm32f4xx_hal_sdram.o(i.HAL_SDRAM_DMA_XferCpltCallback), (2 bytes).
    Removing stm32f4xx_hal_sdram.o(i.HAL_SDRAM_DMA_XferErrorCallback), (2 bytes).
    Removing stm32f4xx_hal_sdram.o(i.HAL_SDRAM_DeInit), (28 bytes).
    Removing stm32f4xx_hal_sdram.o(i.HAL_SDRAM_GetModeStatus), (6 bytes).
    Removing stm32f4xx_hal_sdram.o(i.HAL_SDRAM_GetState), (6 bytes).
    Removing stm32f4xx_hal_sdram.o(i.HAL_SDRAM_IRQHandler), (30 bytes).
    Removing stm32f4xx_hal_sdram.o(i.HAL_SDRAM_Init), (66 bytes).
    Removing stm32f4xx_hal_sdram.o(i.HAL_SDRAM_MspDeInit), (2 bytes).
    Removing stm32f4xx_hal_sdram.o(i.HAL_SDRAM_MspInit), (2 bytes).
    Removing stm32f4xx_hal_sdram.o(i.HAL_SDRAM_ProgramRefreshRate), (34 bytes).
    Removing stm32f4xx_hal_sdram.o(i.HAL_SDRAM_Read_16b), (66 bytes).
    Removing stm32f4xx_hal_sdram.o(i.HAL_SDRAM_Read_32b), (62 bytes).
    Removing stm32f4xx_hal_sdram.o(i.HAL_SDRAM_Read_8b), (66 bytes).
    Removing stm32f4xx_hal_sdram.o(i.HAL_SDRAM_Read_DMA), (72 bytes).
    Removing stm32f4xx_hal_sdram.o(i.HAL_SDRAM_RefreshErrorCallback), (2 bytes).
    Removing stm32f4xx_hal_sdram.o(i.HAL_SDRAM_SendCommand), (48 bytes).
    Removing stm32f4xx_hal_sdram.o(i.HAL_SDRAM_SetAutoRefreshNumber), (34 bytes).
    Removing stm32f4xx_hal_sdram.o(i.HAL_SDRAM_WriteProtection_Disable), (36 bytes).
    Removing stm32f4xx_hal_sdram.o(i.HAL_SDRAM_WriteProtection_Enable), (36 bytes).
    Removing stm32f4xx_hal_sdram.o(i.HAL_SDRAM_Write_16b), (66 bytes).
    Removing stm32f4xx_hal_sdram.o(i.HAL_SDRAM_Write_32b), (62 bytes).
    Removing stm32f4xx_hal_sdram.o(i.HAL_SDRAM_Write_8b), (66 bytes).
    Removing stm32f4xx_hal_sdram.o(i.HAL_SDRAM_Write_DMA), (84 bytes).
    Removing stm32f4xx_hal_rcc_ex.o(.rev16_text), (4 bytes).
    Removing stm32f4xx_hal_rcc_ex.o(.revsh_text), (4 bytes).
    Removing stm32f4xx_hal_rcc_ex.o(.rrx_text), (6 bytes).
    Removing stm32f4xx_hal_rcc_ex.o(i.HAL_RCCEx_DisablePLLI2S), (52 bytes).
    Removing stm32f4xx_hal_rcc_ex.o(i.HAL_RCCEx_DisablePLLSAI), (56 bytes).
    Removing stm32f4xx_hal_rcc_ex.o(i.HAL_RCCEx_EnablePLLI2S), (112 bytes).
    Removing stm32f4xx_hal_rcc_ex.o(i.HAL_RCCEx_EnablePLLSAI), (112 bytes).
    Removing stm32f4xx_hal_rcc_ex.o(i.HAL_RCCEx_GetPeriphCLKConfig), (132 bytes).
    Removing stm32f4xx_hal_rcc_ex.o(i.HAL_RCCEx_GetPeriphCLKFreq), (92 bytes).
    Removing stm32f4xx_hal_rcc_ex.o(i.HAL_RCC_DeInit), (356 bytes).
    Removing stm32f4xx_ll_fmc.o(.rev16_text), (4 bytes).
    Removing stm32f4xx_ll_fmc.o(.revsh_text), (4 bytes).
    Removing stm32f4xx_ll_fmc.o(.rrx_text), (6 bytes).
    Removing stm32f4xx_ll_fmc.o(i.FMC_NAND_AttributeSpace_Timing_Init), (50 bytes).
    Removing stm32f4xx_ll_fmc.o(i.FMC_NAND_CommonSpace_Timing_Init), (50 bytes).
    Removing stm32f4xx_ll_fmc.o(i.FMC_NAND_DeInit), (52 bytes).
    Removing stm32f4xx_ll_fmc.o(i.FMC_NAND_ECC_Disable), (26 bytes).
    Removing stm32f4xx_ll_fmc.o(i.FMC_NAND_ECC_Enable), (26 bytes).
    Removing stm32f4xx_ll_fmc.o(i.FMC_NAND_GetECC), (80 bytes).
    Removing stm32f4xx_ll_fmc.o(i.FMC_NAND_Init), (80 bytes).
    Removing stm32f4xx_ll_fmc.o(i.FMC_NORSRAM_DeInit), (50 bytes).
    Removing stm32f4xx_ll_fmc.o(i.FMC_NORSRAM_Extended_Timing_Init), (64 bytes).
    Removing stm32f4xx_ll_fmc.o(i.FMC_NORSRAM_Init), (108 bytes).
    Removing stm32f4xx_ll_fmc.o(i.FMC_NORSRAM_Timing_Init), (92 bytes).
    Removing stm32f4xx_ll_fmc.o(i.FMC_NORSRAM_WriteOperation_Disable), (16 bytes).
    Removing stm32f4xx_ll_fmc.o(i.FMC_NORSRAM_WriteOperation_Enable), (16 bytes).
    Removing stm32f4xx_ll_fmc.o(i.FMC_PCCARD_AttributeSpace_Timing_Init), (28 bytes).
    Removing stm32f4xx_ll_fmc.o(i.FMC_PCCARD_CommonSpace_Timing_Init), (28 bytes).
    Removing stm32f4xx_ll_fmc.o(i.FMC_PCCARD_DeInit), (30 bytes).
    Removing stm32f4xx_ll_fmc.o(i.FMC_PCCARD_IOSpace_Timing_Init), (28 bytes).
    Removing stm32f4xx_ll_fmc.o(i.FMC_PCCARD_Init), (40 bytes).
    Removing stm32f4xx_ll_fmc.o(i.FMC_SDRAM_DeInit), (30 bytes).
    Removing stm32f4xx_ll_fmc.o(i.FMC_SDRAM_GetModeStatus), (18 bytes).
    Removing stm32f4xx_ll_fmc.o(i.FMC_SDRAM_Init), (80 bytes).
    Removing stm32f4xx_ll_fmc.o(i.FMC_SDRAM_ProgramRefreshRate), (12 bytes).
    Removing stm32f4xx_ll_fmc.o(i.FMC_SDRAM_SendCommand), (72 bytes).
    Removing stm32f4xx_ll_fmc.o(i.FMC_SDRAM_SetAutoRefreshNumber), (12 bytes).
    Removing stm32f4xx_ll_fmc.o(i.FMC_SDRAM_Timing_Init), (128 bytes).
    Removing stm32f4xx_ll_fmc.o(i.FMC_SDRAM_WriteProtection_Disable), (16 bytes).
    Removing stm32f4xx_ll_fmc.o(i.FMC_SDRAM_WriteProtection_Enable), (16 bytes).
    Removing stm32f4xx_hal_ltdc.o(.rev16_text), (4 bytes).
    Removing stm32f4xx_hal_ltdc.o(.revsh_text), (4 bytes).
    Removing stm32f4xx_hal_ltdc.o(.rrx_text), (6 bytes).
    Removing stm32f4xx_hal_ltdc.o(i.HAL_LTDC_ConfigCLUT), (120 bytes).
    Removing stm32f4xx_hal_ltdc.o(i.HAL_LTDC_ConfigColorKeying), (64 bytes).
    Removing stm32f4xx_hal_ltdc.o(i.HAL_LTDC_ConfigColorKeying_NoReload), (58 bytes).
    Removing stm32f4xx_hal_ltdc.o(i.HAL_LTDC_ConfigLayer), (82 bytes).
    Removing stm32f4xx_hal_ltdc.o(i.HAL_LTDC_ConfigLayer_NoReload), (78 bytes).
    Removing stm32f4xx_hal_ltdc.o(i.HAL_LTDC_DeInit), (24 bytes).
    Removing stm32f4xx_hal_ltdc.o(i.HAL_LTDC_DisableCLUT), (58 bytes).
    Removing stm32f4xx_hal_ltdc.o(i.HAL_LTDC_DisableCLUT_NoReload), (52 bytes).
    Removing stm32f4xx_hal_ltdc.o(i.HAL_LTDC_DisableColorKeying), (58 bytes).
    Removing stm32f4xx_hal_ltdc.o(i.HAL_LTDC_DisableColorKeying_NoReload), (52 bytes).
    Removing stm32f4xx_hal_ltdc.o(i.HAL_LTDC_DisableDither), (48 bytes).
    Removing stm32f4xx_hal_ltdc.o(i.HAL_LTDC_EnableCLUT), (58 bytes).
    Removing stm32f4xx_hal_ltdc.o(i.HAL_LTDC_EnableCLUT_NoReload), (52 bytes).
    Removing stm32f4xx_hal_ltdc.o(i.HAL_LTDC_EnableColorKeying), (58 bytes).
    Removing stm32f4xx_hal_ltdc.o(i.HAL_LTDC_EnableColorKeying_NoReload), (52 bytes).
    Removing stm32f4xx_hal_ltdc.o(i.HAL_LTDC_EnableDither), (48 bytes).
    Removing stm32f4xx_hal_ltdc.o(i.HAL_LTDC_ErrorCallback), (2 bytes).
    Removing stm32f4xx_hal_ltdc.o(i.HAL_LTDC_GetError), (6 bytes).
    Removing stm32f4xx_hal_ltdc.o(i.HAL_LTDC_GetState), (6 bytes).
    Removing stm32f4xx_hal_ltdc.o(i.HAL_LTDC_IRQHandler), (202 bytes).
    Removing stm32f4xx_hal_ltdc.o(i.HAL_LTDC_Init), (244 bytes).
    Removing stm32f4xx_hal_ltdc.o(i.HAL_LTDC_LineEventCallback), (2 bytes).
    Removing stm32f4xx_hal_ltdc.o(i.HAL_LTDC_MspDeInit), (2 bytes).
    Removing stm32f4xx_hal_ltdc.o(i.HAL_LTDC_MspInit), (2 bytes).
    Removing stm32f4xx_hal_ltdc.o(i.HAL_LTDC_ProgramLineEvent), (68 bytes).
    Removing stm32f4xx_hal_ltdc.o(i.HAL_LTDC_Reload), (52 bytes).
    Removing stm32f4xx_hal_ltdc.o(i.HAL_LTDC_ReloadEventCallback), (2 bytes).
    Removing stm32f4xx_hal_ltdc.o(i.HAL_LTDC_SetAddress), (68 bytes).
    Removing stm32f4xx_hal_ltdc.o(i.HAL_LTDC_SetAddress_NoReload), (64 bytes).
    Removing stm32f4xx_hal_ltdc.o(i.HAL_LTDC_SetAlpha), (68 bytes).
    Removing stm32f4xx_hal_ltdc.o(i.HAL_LTDC_SetAlpha_NoReload), (64 bytes).
    Removing stm32f4xx_hal_ltdc.o(i.HAL_LTDC_SetPitch), (144 bytes).
    Removing stm32f4xx_hal_ltdc.o(i.HAL_LTDC_SetPitch_NoReload), (124 bytes).
    Removing stm32f4xx_hal_ltdc.o(i.HAL_LTDC_SetPixelFormat), (68 bytes).
    Removing stm32f4xx_hal_ltdc.o(i.HAL_LTDC_SetPixelFormat_NoReload), (64 bytes).
    Removing stm32f4xx_hal_ltdc.o(i.HAL_LTDC_SetWindowPosition), (84 bytes).
    Removing stm32f4xx_hal_ltdc.o(i.HAL_LTDC_SetWindowPosition_NoReload), (80 bytes).
    Removing stm32f4xx_hal_ltdc.o(i.HAL_LTDC_SetWindowSize), (84 bytes).
    Removing stm32f4xx_hal_ltdc.o(i.HAL_LTDC_SetWindowSize_NoReload), (80 bytes).
    Removing stm32f4xx_hal_ltdc.o(i.LTDC_SetConfig), (354 bytes).
    Removing stm32f4xx_hal_hcd.o(.rev16_text), (4 bytes).
    Removing stm32f4xx_hal_hcd.o(.revsh_text), (4 bytes).
    Removing stm32f4xx_hal_hcd.o(.rrx_text), (6 bytes).
    Removing stm32f4xx_hal_hcd.o(i.HAL_HCD_Connect_Callback), (2 bytes).
    Removing stm32f4xx_hal_hcd.o(i.HAL_HCD_DeInit), (36 bytes).
    Removing stm32f4xx_hal_hcd.o(i.HAL_HCD_Disconnect_Callback), (2 bytes).
    Removing stm32f4xx_hal_hcd.o(i.HAL_HCD_GetCurrentFrame), (6 bytes).
    Removing stm32f4xx_hal_hcd.o(i.HAL_HCD_GetState), (6 bytes).
    Removing stm32f4xx_hal_hcd.o(i.HAL_HCD_HC_GetState), (14 bytes).
    Removing stm32f4xx_hal_hcd.o(i.HAL_HCD_HC_GetXferCount), (12 bytes).
    Removing stm32f4xx_hal_hcd.o(i.HAL_HCD_HC_Halt), (36 bytes).
    Removing stm32f4xx_hal_hcd.o(i.HAL_HCD_HC_NotifyURBChange_Callback), (2 bytes).
    Removing stm32f4xx_hal_hcd.o(i.HAL_HCD_Init), (90 bytes).
    Removing stm32f4xx_hal_hcd.o(i.HAL_HCD_MspDeInit), (2 bytes).
    Removing stm32f4xx_hal_hcd.o(i.HAL_HCD_MspInit), (2 bytes).
    Removing stm32f4xx_hal_hcd.o(i.HAL_HCD_SOF_Callback), (2 bytes).
    Removing stm32f4xx_hal_i2c_ex.o(.rev16_text), (4 bytes).
    Removing stm32f4xx_hal_i2c_ex.o(.revsh_text), (4 bytes).
    Removing stm32f4xx_hal_i2c_ex.o(.rrx_text), (6 bytes).
    Removing stm32f4xx_hal_i2c_ex.o(i.HAL_I2CEx_ConfigAnalogFilter), (66 bytes).
    Removing stm32f4xx_hal_i2c_ex.o(i.HAL_I2CEx_ConfigDigitalFilter), (62 bytes).
    Removing stm32f4xx_ll_usb.o(.rev16_text), (4 bytes).
    Removing stm32f4xx_ll_usb.o(.revsh_text), (4 bytes).
    Removing stm32f4xx_ll_usb.o(.rrx_text), (6 bytes).
    Removing stm32f4xx_ll_usb.o(i.USB_ActivateDedicatedEndpoint), (216 bytes).
    Removing stm32f4xx_ll_usb.o(i.USB_ActivateEndpoint), (128 bytes).
    Removing stm32f4xx_ll_usb.o(i.USB_ActivateSetup), (52 bytes).
    Removing stm32f4xx_ll_usb.o(i.USB_ClearInterrupts), (8 bytes).
    Removing stm32f4xx_ll_usb.o(i.USB_CoreInit), (108 bytes).
    Removing stm32f4xx_ll_usb.o(i.USB_CoreReset), (56 bytes).
    Removing stm32f4xx_ll_usb.o(i.USB_DeactivateDedicatedEndpoint), (200 bytes).
    Removing stm32f4xx_ll_usb.o(i.USB_DeactivateEndpoint), (200 bytes).
    Removing stm32f4xx_ll_usb.o(i.USB_DevConnect), (24 bytes).
    Removing stm32f4xx_ll_usb.o(i.USB_DevDisconnect), (24 bytes).
    Removing stm32f4xx_ll_usb.o(i.USB_DevInit), (320 bytes).
    Removing stm32f4xx_ll_usb.o(i.USB_DisableGlobalInt), (12 bytes).
    Removing stm32f4xx_ll_usb.o(i.USB_EP0StartXfer), (320 bytes).
    Removing stm32f4xx_ll_usb.o(i.USB_EP0_OutStart), (62 bytes).
    Removing stm32f4xx_ll_usb.o(i.USB_EPClearStall), (100 bytes).
    Removing stm32f4xx_ll_usb.o(i.USB_EPSetStall), (94 bytes).
    Removing stm32f4xx_ll_usb.o(i.USB_EPStartXfer), (540 bytes).
    Removing stm32f4xx_ll_usb.o(i.USB_GetCurrentFrame), (8 bytes).
    Removing stm32f4xx_ll_usb.o(i.USB_GetDevSpeed), (60 bytes).
    Removing stm32f4xx_ll_usb.o(i.USB_HostInit), (212 bytes).
    Removing stm32f4xx_ll_usb.o(i.USB_ReadDevAllInEpInterrupt), (14 bytes).
    Removing stm32f4xx_ll_usb.o(i.USB_ReadDevAllOutEpInterrupt), (14 bytes).
    Removing stm32f4xx_ll_usb.o(i.USB_ReadDevInEPInterrupt), (30 bytes).
    Removing stm32f4xx_ll_usb.o(i.USB_ReadDevOutEPInterrupt), (16 bytes).
    Removing stm32f4xx_ll_usb.o(i.USB_SetCurrentMode), (44 bytes).
    Removing stm32f4xx_ll_usb.o(i.USB_SetDevAddress), (34 bytes).
    Removing stm32f4xx_ll_usb.o(i.USB_SetDevSpeed), (14 bytes).
    Removing stm32f4xx_ll_usb.o(i.USB_StopDevice), (66 bytes).
    Removing stm32f4xx_ll_usb.o(.data), (4 bytes).
    Removing stm32f4xx_hal_spi.o(.rev16_text), (4 bytes).
    Removing stm32f4xx_hal_spi.o(.revsh_text), (4 bytes).
    Removing stm32f4xx_hal_spi.o(.rrx_text), (6 bytes).
    Removing stm32f4xx_hal_spi.o(i.HAL_SPI_Abort), (192 bytes).
    Removing stm32f4xx_hal_spi.o(i.HAL_SPI_AbortCpltCallback), (2 bytes).
    Removing stm32f4xx_hal_spi.o(i.HAL_SPI_Abort_IT), (232 bytes).
    Removing stm32f4xx_hal_spi.o(i.HAL_SPI_DMAPause), (38 bytes).
    Removing stm32f4xx_hal_spi.o(i.HAL_SPI_DMAResume), (38 bytes).
    Removing stm32f4xx_hal_spi.o(i.HAL_SPI_DMAStop), (40 bytes).
    Removing stm32f4xx_hal_spi.o(i.HAL_SPI_DeInit), (46 bytes).
    Removing stm32f4xx_hal_spi.o(i.HAL_SPI_ErrorCallback), (2 bytes).
    Removing stm32f4xx_hal_spi.o(i.HAL_SPI_GetError), (4 bytes).
    Removing stm32f4xx_hal_spi.o(i.HAL_SPI_GetState), (6 bytes).
    Removing stm32f4xx_hal_spi.o(i.HAL_SPI_IRQHandler), (212 bytes).
    Removing stm32f4xx_hal_spi.o(i.HAL_SPI_Init), (128 bytes).
    Removing stm32f4xx_hal_spi.o(i.HAL_SPI_MspDeInit), (2 bytes).
    Removing stm32f4xx_hal_spi.o(i.HAL_SPI_MspInit), (2 bytes).
    Removing stm32f4xx_hal_spi.o(i.HAL_SPI_Receive), (336 bytes).
    Removing stm32f4xx_hal_spi.o(i.HAL_SPI_Receive_DMA), (212 bytes).
    Removing stm32f4xx_hal_spi.o(i.HAL_SPI_Receive_IT), (164 bytes).
    Removing stm32f4xx_hal_spi.o(i.HAL_SPI_RxCpltCallback), (2 bytes).
    Removing stm32f4xx_hal_spi.o(i.HAL_SPI_RxHalfCpltCallback), (2 bytes).
    Removing stm32f4xx_hal_spi.o(i.HAL_SPI_Transmit), (360 bytes).
    Removing stm32f4xx_hal_spi.o(i.HAL_SPI_TransmitReceive), (472 bytes).
    Removing stm32f4xx_hal_spi.o(i.HAL_SPI_TransmitReceive_DMA), (264 bytes).
    Removing stm32f4xx_hal_spi.o(i.HAL_SPI_TransmitReceive_IT), (164 bytes).
    Removing stm32f4xx_hal_spi.o(i.HAL_SPI_Transmit_DMA), (184 bytes).
    Removing stm32f4xx_hal_spi.o(i.HAL_SPI_Transmit_IT), (152 bytes).
    Removing stm32f4xx_hal_spi.o(i.HAL_SPI_TxCpltCallback), (2 bytes).
    Removing stm32f4xx_hal_spi.o(i.HAL_SPI_TxHalfCpltCallback), (2 bytes).
    Removing stm32f4xx_hal_spi.o(i.HAL_SPI_TxRxCpltCallback), (2 bytes).
    Removing stm32f4xx_hal_spi.o(i.HAL_SPI_TxRxHalfCpltCallback), (2 bytes).
    Removing stm32f4xx_hal_spi.o(i.SPI_2linesRxISR_16BIT), (48 bytes).
    Removing stm32f4xx_hal_spi.o(i.SPI_2linesRxISR_8BIT), (46 bytes).
    Removing stm32f4xx_hal_spi.o(i.SPI_2linesTxISR_16BIT), (48 bytes).
    Removing stm32f4xx_hal_spi.o(i.SPI_2linesTxISR_8BIT), (46 bytes).
    Removing stm32f4xx_hal_spi.o(i.SPI_AbortRx_ISR), (80 bytes).
    Removing stm32f4xx_hal_spi.o(i.SPI_AbortTx_ISR), (22 bytes).
    Removing stm32f4xx_hal_spi.o(i.SPI_CheckFlag_BSY), (32 bytes).
    Removing stm32f4xx_hal_spi.o(i.SPI_CloseRxTx_ISR), (144 bytes).
    Removing stm32f4xx_hal_spi.o(i.SPI_CloseRx_ISR), (78 bytes).
    Removing stm32f4xx_hal_spi.o(i.SPI_CloseTx_ISR), (124 bytes).
    Removing stm32f4xx_hal_spi.o(i.SPI_DMAAbortOnError), (16 bytes).
    Removing stm32f4xx_hal_spi.o(i.SPI_DMAError), (34 bytes).
    Removing stm32f4xx_hal_spi.o(i.SPI_DMAHalfReceiveCplt), (10 bytes).
    Removing stm32f4xx_hal_spi.o(i.SPI_DMAHalfTransmitCplt), (10 bytes).
    Removing stm32f4xx_hal_spi.o(i.SPI_DMAHalfTransmitReceiveCplt), (10 bytes).
    Removing stm32f4xx_hal_spi.o(i.SPI_DMAReceiveCplt), (82 bytes).
    Removing stm32f4xx_hal_spi.o(i.SPI_DMARxAbortCallback), (70 bytes).
    Removing stm32f4xx_hal_spi.o(i.SPI_DMATransmitCplt), (90 bytes).
    Removing stm32f4xx_hal_spi.o(i.SPI_DMATransmitReceiveCplt), (80 bytes).
    Removing stm32f4xx_hal_spi.o(i.SPI_DMATxAbortCallback), (104 bytes).
    Removing stm32f4xx_hal_spi.o(i.SPI_RxISR_16BIT), (32 bytes).
    Removing stm32f4xx_hal_spi.o(i.SPI_RxISR_8BIT), (30 bytes).
    Removing stm32f4xx_hal_spi.o(i.SPI_TxISR_16BIT), (32 bytes).
    Removing stm32f4xx_hal_spi.o(i.SPI_TxISR_8BIT), (30 bytes).
    Removing stm32f4xx_hal_spi.o(i.SPI_WaitFlagStateUntilTimeout), (150 bytes).
    Removing stm32f4xx_hal_flash_ramfunc.o(.rev16_text), (4 bytes).
    Removing stm32f4xx_hal_flash_ramfunc.o(.revsh_text), (4 bytes).
    Removing stm32f4xx_hal_flash_ramfunc.o(.rrx_text), (6 bytes).
    Removing stm32f4xx_hal_pwr.o(.rev16_text), (4 bytes).
    Removing stm32f4xx_hal_pwr.o(.revsh_text), (4 bytes).
    Removing stm32f4xx_hal_pwr.o(.rrx_text), (6 bytes).
    Removing stm32f4xx_hal_pwr.o(i.HAL_PWR_ConfigPVD), (124 bytes).
    Removing stm32f4xx_hal_pwr.o(i.HAL_PWR_DeInit), (24 bytes).
    Removing stm32f4xx_hal_pwr.o(i.HAL_PWR_DisableBkUpAccess), (12 bytes).
    Removing stm32f4xx_hal_pwr.o(i.HAL_PWR_DisablePVD), (12 bytes).
    Removing stm32f4xx_hal_pwr.o(i.HAL_PWR_DisableSEVOnPend), (16 bytes).
    Removing stm32f4xx_hal_pwr.o(i.HAL_PWR_DisableSleepOnExit), (16 bytes).
    Removing stm32f4xx_hal_pwr.o(i.HAL_PWR_DisableWakeUpPin), (16 bytes).
    Removing stm32f4xx_hal_pwr.o(i.HAL_PWR_EnableBkUpAccess), (12 bytes).
    Removing stm32f4xx_hal_pwr.o(i.HAL_PWR_EnablePVD), (12 bytes).
    Removing stm32f4xx_hal_pwr.o(i.HAL_PWR_EnableSEVOnPend), (16 bytes).
    Removing stm32f4xx_hal_pwr.o(i.HAL_PWR_EnableSleepOnExit), (16 bytes).
    Removing stm32f4xx_hal_pwr.o(i.HAL_PWR_EnableWakeUpPin), (16 bytes).
    Removing stm32f4xx_hal_pwr.o(i.HAL_PWR_EnterSLEEPMode), (32 bytes).
    Removing stm32f4xx_hal_pwr.o(i.HAL_PWR_EnterSTANDBYMode), (32 bytes).
    Removing stm32f4xx_hal_pwr.o(i.HAL_PWR_EnterSTOPMode), (56 bytes).
    Removing stm32f4xx_hal_pwr.o(i.HAL_PWR_PVDCallback), (2 bytes).
    Removing stm32f4xx_hal_pwr.o(i.HAL_PWR_PVD_IRQHandler), (28 bytes).
    Removing stm32f4xx_hal_gpio.o(.rev16_text), (4 bytes).
    Removing stm32f4xx_hal_gpio.o(.revsh_text), (4 bytes).
    Removing stm32f4xx_hal_gpio.o(.rrx_text), (6 bytes).
    Removing stm32f4xx_hal_gpio.o(i.HAL_GPIO_DeInit), (368 bytes).
    Removing stm32f4xx_hal_gpio.o(i.HAL_GPIO_EXTI_Callback), (2 bytes).
    Removing stm32f4xx_hal_gpio.o(i.HAL_GPIO_EXTI_IRQHandler), (24 bytes).
    Removing stm32f4xx_hal_gpio.o(i.HAL_GPIO_LockPin), (34 bytes).
    Removing stm32f4xx_hal_gpio.o(i.HAL_GPIO_ReadPin), (10 bytes).
    Removing stm32f4xx_hal_gpio.o(i.HAL_GPIO_TogglePin), (8 bytes).
    Removing stm32f4xx_hal_dsi.o(.rev16_text), (4 bytes).
    Removing stm32f4xx_hal_dsi.o(.revsh_text), (4 bytes).
    Removing stm32f4xx_hal_dsi.o(.rrx_text), (6 bytes).
    Removing usbh_core.o(.rev16_text), (4 bytes).
    Removing usbh_core.o(.revsh_text), (4 bytes).
    Removing usbh_core.o(.rrx_text), (6 bytes).
    Removing usbh_core.o(i.USBH_DeInit), (32 bytes).
    Removing usbh_core.o(i.USBH_FindInterface), (68 bytes).
    Removing usbh_core.o(i.USBH_FindInterfaceIndex), (50 bytes).
    Removing usbh_core.o(i.USBH_GetActiveClass), (6 bytes).
    Removing usbh_core.o(i.USBH_Init), (48 bytes).
    Removing usbh_core.o(i.USBH_LL_SetTimer), (6 bytes).
    Removing usbh_core.o(i.USBH_ReEnumerate), (30 bytes).
    Removing usbh_core.o(i.USBH_RegisterClass), (28 bytes).
    Removing usbh_core.o(i.USBH_SelectInterface), (22 bytes).
    Removing usbh_core.o(i.USBH_Start), (20 bytes).
    Removing usbh_core.o(i.USBH_Stop), (36 bytes).
    Removing usbh_ctlreq.o(.rev16_text), (4 bytes).
    Removing usbh_ctlreq.o(.revsh_text), (4 bytes).
    Removing usbh_ctlreq.o(.rrx_text), (6 bytes).
    Removing usbh_ctlreq.o(i.USBH_ClrFeature), (30 bytes).
    Removing usbh_ctlreq.o(i.USBH_SetInterface), (28 bytes).
    Removing usbh_cdc.o(.rev16_text), (4 bytes).
    Removing usbh_cdc.o(.revsh_text), (4 bytes).
    Removing usbh_cdc.o(.rrx_text), (6 bytes).
    Removing usbh_cdc.o(i.CDC_ProcessReception), (104 bytes).
    Removing usbh_cdc.o(i.CDC_ProcessTransmission), (114 bytes).
    Removing usbh_cdc.o(i.GetLineCoding), (22 bytes).
    Removing usbh_cdc.o(i.USBH_CDC_ClassRequest), (36 bytes).
    Removing usbh_cdc.o(i.USBH_CDC_GetLastReceivedDataSize), (28 bytes).
    Removing usbh_cdc.o(i.USBH_CDC_GetLineCoding), (34 bytes).
    Removing usbh_cdc.o(i.USBH_CDC_InterfaceDeInit), (94 bytes).
    Removing usbh_cdc.o(i.USBH_CDC_InterfaceInit), (308 bytes).
    Removing usbh_cdc.o(i.USBH_CDC_LineCodingChanged), (2 bytes).
    Removing usbh_cdc.o(i.USBH_CDC_Process), (184 bytes).
    Removing usbh_cdc.o(i.USBH_CDC_Receive), (40 bytes).
    Removing usbh_cdc.o(i.USBH_CDC_ReceiveCallback), (2 bytes).
    Removing usbh_cdc.o(i.USBH_CDC_SOFProcess), (4 bytes).
    Removing usbh_cdc.o(i.USBH_CDC_SetLineCoding), (24 bytes).
    Removing usbh_cdc.o(i.USBH_CDC_Stop), (50 bytes).
    Removing usbh_cdc.o(i.USBH_CDC_Transmit), (42 bytes).
    Removing usbh_cdc.o(i.USBH_CDC_TransmitCallback), (2 bytes).
    Removing usbh_cdc.o(.conststring), (4 bytes).
    Removing usbh_cdc.o(.data), (32 bytes).
    Removing usbh_ioreq.o(.rev16_text), (4 bytes).
    Removing usbh_ioreq.o(.revsh_text), (4 bytes).
    Removing usbh_ioreq.o(.rrx_text), (6 bytes).
    Removing usbh_ioreq.o(i.USBH_BulkReceiveData), (32 bytes).
    Removing usbh_ioreq.o(i.USBH_BulkSendData), (40 bytes).
    Removing usbh_ioreq.o(i.USBH_InterruptReceiveData), (32 bytes).
    Removing usbh_ioreq.o(i.USBH_InterruptSendData), (32 bytes).
    Removing usbh_ioreq.o(i.USBH_IsocReceiveData), (34 bytes).
    Removing usbh_ioreq.o(i.USBH_IsocSendData), (34 bytes).
    Removing usbh_pipes.o(.rev16_text), (4 bytes).
    Removing usbh_pipes.o(.revsh_text), (4 bytes).
    Removing usbh_pipes.o(.rrx_text), (6 bytes).
    Removing usbh_pipes.o(i.USBH_ClosePipe), (10 bytes).
    Removing system_stm32f4xx.o(.rev16_text), (4 bytes).
    Removing system_stm32f4xx.o(.revsh_text), (4 bytes).
    Removing system_stm32f4xx.o(.rrx_text), (6 bytes).
    Removing system_stm32f4xx.o(i.SystemCoreClockUpdate), (120 bytes).
    Removing system_stm32f4xx.o(.constdata), (8 bytes).

651 unused section(s) (total 43869 bytes) removed from the image.

==============================================================================

Image Symbol Table

    Local Symbols

    Symbol Name                              Value     Ov Type        Size  Object(Section)

    ../Drivers/STM32F4xx_HAL_Driver/Src/stm32f4xx_hal.c 0x00000000   Number         0  stm32f4xx_hal.o ABSOLUTE
    ../Drivers/STM32F4xx_HAL_Driver/Src/stm32f4xx_hal_cortex.c 0x00000000   Number         0  stm32f4xx_hal_cortex.o ABSOLUTE
    ../Drivers/STM32F4xx_HAL_Driver/Src/stm32f4xx_hal_dma.c 0x00000000   Number         0  stm32f4xx_hal_dma.o ABSOLUTE
    ../Drivers/STM32F4xx_HAL_Driver/Src/stm32f4xx_hal_dma_ex.c 0x00000000   Number         0  stm32f4xx_hal_dma_ex.o ABSOLUTE
    ../Drivers/STM32F4xx_HAL_Driver/Src/stm32f4xx_hal_dsi.c 0x00000000   Number         0  stm32f4xx_hal_dsi.o ABSOLUTE
    ../Drivers/STM32F4xx_HAL_Driver/Src/stm32f4xx_hal_flash.c 0x00000000   Number         0  stm32f4xx_hal_flash.o ABSOLUTE
    ../Drivers/STM32F4xx_HAL_Driver/Src/stm32f4xx_hal_flash_ex.c 0x00000000   Number         0  stm32f4xx_hal_flash_ex.o ABSOLUTE
    ../Drivers/STM32F4xx_HAL_Driver/Src/stm32f4xx_hal_flash_ramfunc.c 0x00000000   Number         0  stm32f4xx_hal_flash_ramfunc.o ABSOLUTE
    ../Drivers/STM32F4xx_HAL_Driver/Src/stm32f4xx_hal_gpio.c 0x00000000   Number         0  stm32f4xx_hal_gpio.o ABSOLUTE
    ../Drivers/STM32F4xx_HAL_Driver/Src/stm32f4xx_hal_hcd.c 0x00000000   Number         0  stm32f4xx_hal_hcd.o ABSOLUTE
    ../Drivers/STM32F4xx_HAL_Driver/Src/stm32f4xx_hal_i2c.c 0x00000000   Number         0  stm32f4xx_hal_i2c.o ABSOLUTE
    ../Drivers/STM32F4xx_HAL_Driver/Src/stm32f4xx_hal_i2c_ex.c 0x00000000   Number         0  stm32f4xx_hal_i2c_ex.o ABSOLUTE
    ../Drivers/STM32F4xx_HAL_Driver/Src/stm32f4xx_hal_ltdc.c 0x00000000   Number         0  stm32f4xx_hal_ltdc.o ABSOLUTE
    ../Drivers/STM32F4xx_HAL_Driver/Src/stm32f4xx_hal_ltdc_ex.c 0x00000000   Number         0  stm32f4xx_hal_ltdc_ex.o ABSOLUTE
    ../Drivers/STM32F4xx_HAL_Driver/Src/stm32f4xx_hal_pwr.c 0x00000000   Number         0  stm32f4xx_hal_pwr.o ABSOLUTE
    ../Drivers/STM32F4xx_HAL_Driver/Src/stm32f4xx_hal_pwr_ex.c 0x00000000   Number         0  stm32f4xx_hal_pwr_ex.o ABSOLUTE
    ../Drivers/STM32F4xx_HAL_Driver/Src/stm32f4xx_hal_rcc.c 0x00000000   Number         0  stm32f4xx_hal_rcc.o ABSOLUTE
    ../Drivers/STM32F4xx_HAL_Driver/Src/stm32f4xx_hal_rcc_ex.c 0x00000000   Number         0  stm32f4xx_hal_rcc_ex.o ABSOLUTE
    ../Drivers/STM32F4xx_HAL_Driver/Src/stm32f4xx_hal_sdram.c 0x00000000   Number         0  stm32f4xx_hal_sdram.o ABSOLUTE
    ../Drivers/STM32F4xx_HAL_Driver/Src/stm32f4xx_hal_spi.c 0x00000000   Number         0  stm32f4xx_hal_spi.o ABSOLUTE
    ../Drivers/STM32F4xx_HAL_Driver/Src/stm32f4xx_hal_tim.c 0x00000000   Number         0  stm32f4xx_hal_tim.o ABSOLUTE
    ../Drivers/STM32F4xx_HAL_Driver/Src/stm32f4xx_hal_tim_ex.c 0x00000000   Number         0  stm32f4xx_hal_tim_ex.o ABSOLUTE
    ../Drivers/STM32F4xx_HAL_Driver/Src/stm32f4xx_hal_uart.c 0x00000000   Number         0  stm32f4xx_hal_uart.o ABSOLUTE
    ../Drivers/STM32F4xx_HAL_Driver/Src/stm32f4xx_ll_fmc.c 0x00000000   Number         0  stm32f4xx_ll_fmc.o ABSOLUTE
    ../Drivers/STM32F4xx_HAL_Driver/Src/stm32f4xx_ll_usb.c 0x00000000   Number         0  stm32f4xx_ll_usb.o ABSOLUTE
    ../Middlewares/ST/STM32_USB_Host_Library/Class/CDC/Src/usbh_cdc.c 0x00000000   Number         0  usbh_cdc.o ABSOLUTE
    ../Middlewares/ST/STM32_USB_Host_Library/Core/Src/usbh_core.c 0x00000000   Number         0  usbh_core.o ABSOLUTE
    ../Middlewares/ST/STM32_USB_Host_Library/Core/Src/usbh_ctlreq.c 0x00000000   Number         0  usbh_ctlreq.o ABSOLUTE
    ../Middlewares/ST/STM32_USB_Host_Library/Core/Src/usbh_ioreq.c 0x00000000   Number         0  usbh_ioreq.o ABSOLUTE
    ../Middlewares/ST/STM32_USB_Host_Library/Core/Src/usbh_pipes.c 0x00000000   Number         0  usbh_pipes.o ABSOLUTE
    ../Src/fmc.c                             0x00000000   Number         0  fmc.o ABSOLUTE
    ../Src/gpio.c                            0x00000000   Number         0  gpio.o ABSOLUTE
    ../Src/i2c.c                             0x00000000   Number         0  i2c.o ABSOLUTE
    ../Src/ltdc.c                            0x00000000   Number         0  ltdc.o ABSOLUTE
    ../Src/main.c                            0x00000000   Number         0  main.o ABSOLUTE
    ../Src/spi.c                             0x00000000   Number         0  spi.o ABSOLUTE
    ../Src/stm32f4xx_hal_msp.c               0x00000000   Number         0  stm32f4xx_hal_msp.o ABSOLUTE
    ../Src/stm32f4xx_it.c                    0x00000000   Number         0  stm32f4xx_it.o ABSOLUTE
    ../Src/system_stm32f4xx.c                0x00000000   Number         0  system_stm32f4xx.o ABSOLUTE
    ../Src/usart.c                           0x00000000   Number         0  usart.o ABSOLUTE
    ../Src/usb_host.c                        0x00000000   Number         0  usb_host.o ABSOLUTE
    ../Src/usbh_conf.c                       0x00000000   Number         0  usbh_conf.o ABSOLUTE
    ../Src/usbh_platform.c                   0x00000000   Number         0  usbh_platform.o ABSOLUTE
    ../clib/microlib/division.c              0x00000000   Number         0  uldiv.o ABSOLUTE
    ../clib/microlib/init/entry.s            0x00000000   Number         0  entry2.o ABSOLUTE
    ../clib/microlib/init/entry.s            0x00000000   Number         0  entry9a.o ABSOLUTE
    ../clib/microlib/init/entry.s            0x00000000   Number         0  entry9b.o ABSOLUTE
    ../clib/microlib/init/entry.s            0x00000000   Number         0  entry10a.o ABSOLUTE
    ../clib/microlib/init/entry.s            0x00000000   Number         0  entry10b.o ABSOLUTE
    ../clib/microlib/init/entry.s            0x00000000   Number         0  entry11a.o ABSOLUTE
    ../clib/microlib/init/entry.s            0x00000000   Number         0  entry11b.o ABSOLUTE
    ../clib/microlib/init/entry.s            0x00000000   Number         0  entry5.o ABSOLUTE
    ../clib/microlib/init/entry.s            0x00000000   Number         0  entry7a.o ABSOLUTE
    ../clib/microlib/init/entry.s            0x00000000   Number         0  entry7b.o ABSOLUTE
    ../clib/microlib/init/entry.s            0x00000000   Number         0  entry8a.o ABSOLUTE
    ../clib/microlib/init/entry.s            0x00000000   Number         0  entry8b.o ABSOLUTE
    ../clib/microlib/init/entry.s            0x00000000   Number         0  entry.o ABSOLUTE
    ../clib/microlib/longlong.c              0x00000000   Number         0  llshl.o ABSOLUTE
    ../clib/microlib/longlong.c              0x00000000   Number         0  llushr.o ABSOLUTE
    ../clib/microlib/malloc/malloc.c         0x00000000   Number         0  mallocra.o ABSOLUTE
    ../clib/microlib/malloc/malloc.c         0x00000000   Number         0  malloc.o ABSOLUTE
    ../clib/microlib/malloc/malloc.c         0x00000000   Number         0  malloca.o ABSOLUTE
    ../clib/microlib/malloc/malloc.c         0x00000000   Number         0  mallocr.o ABSOLUTE
    ../clib/microlib/malloc/mvars.c          0x00000000   Number         0  mvars.o ABSOLUTE
    ../clib/microlib/string/memcpy.c         0x00000000   Number         0  memcpyb.o ABSOLUTE
    ../clib/microlib/string/memcpy.c         0x00000000   Number         0  memcpya.o ABSOLUTE
    ..\Drivers\STM32F4xx_HAL_Driver\Src\stm32f4xx_hal.c 0x00000000   Number         0  stm32f4xx_hal.o ABSOLUTE
    ..\Drivers\STM32F4xx_HAL_Driver\Src\stm32f4xx_hal_cortex.c 0x00000000   Number         0  stm32f4xx_hal_cortex.o ABSOLUTE
    ..\Drivers\STM32F4xx_HAL_Driver\Src\stm32f4xx_hal_dma.c 0x00000000   Number         0  stm32f4xx_hal_dma.o ABSOLUTE
    ..\Drivers\STM32F4xx_HAL_Driver\Src\stm32f4xx_hal_dma_ex.c 0x00000000   Number         0  stm32f4xx_hal_dma_ex.o ABSOLUTE
    ..\Drivers\STM32F4xx_HAL_Driver\Src\stm32f4xx_hal_dsi.c 0x00000000   Number         0  stm32f4xx_hal_dsi.o ABSOLUTE
    ..\Drivers\STM32F4xx_HAL_Driver\Src\stm32f4xx_hal_flash.c 0x00000000   Number         0  stm32f4xx_hal_flash.o ABSOLUTE
    ..\Drivers\STM32F4xx_HAL_Driver\Src\stm32f4xx_hal_flash_ex.c 0x00000000   Number         0  stm32f4xx_hal_flash_ex.o ABSOLUTE
    ..\Drivers\STM32F4xx_HAL_Driver\Src\stm32f4xx_hal_flash_ramfunc.c 0x00000000   Number         0  stm32f4xx_hal_flash_ramfunc.o ABSOLUTE
    ..\Drivers\STM32F4xx_HAL_Driver\Src\stm32f4xx_hal_gpio.c 0x00000000   Number         0  stm32f4xx_hal_gpio.o ABSOLUTE
    ..\Drivers\STM32F4xx_HAL_Driver\Src\stm32f4xx_hal_hcd.c 0x00000000   Number         0  stm32f4xx_hal_hcd.o ABSOLUTE
    ..\Drivers\STM32F4xx_HAL_Driver\Src\stm32f4xx_hal_i2c.c 0x00000000   Number         0  stm32f4xx_hal_i2c.o ABSOLUTE
    ..\Drivers\STM32F4xx_HAL_Driver\Src\stm32f4xx_hal_i2c_ex.c 0x00000000   Number         0  stm32f4xx_hal_i2c_ex.o ABSOLUTE
    ..\Drivers\STM32F4xx_HAL_Driver\Src\stm32f4xx_hal_ltdc.c 0x00000000   Number         0  stm32f4xx_hal_ltdc.o ABSOLUTE
    ..\Drivers\STM32F4xx_HAL_Driver\Src\stm32f4xx_hal_ltdc_ex.c 0x00000000   Number         0  stm32f4xx_hal_ltdc_ex.o ABSOLUTE
    ..\Drivers\STM32F4xx_HAL_Driver\Src\stm32f4xx_hal_pwr.c 0x00000000   Number         0  stm32f4xx_hal_pwr.o ABSOLUTE
    ..\Drivers\STM32F4xx_HAL_Driver\Src\stm32f4xx_hal_pwr_ex.c 0x00000000   Number         0  stm32f4xx_hal_pwr_ex.o ABSOLUTE
    ..\Drivers\STM32F4xx_HAL_Driver\Src\stm32f4xx_hal_rcc.c 0x00000000   Number         0  stm32f4xx_hal_rcc.o ABSOLUTE
    ..\Drivers\STM32F4xx_HAL_Driver\Src\stm32f4xx_hal_rcc_ex.c 0x00000000   Number         0  stm32f4xx_hal_rcc_ex.o ABSOLUTE
    ..\Drivers\STM32F4xx_HAL_Driver\Src\stm32f4xx_hal_sdram.c 0x00000000   Number         0  stm32f4xx_hal_sdram.o ABSOLUTE
    ..\Drivers\STM32F4xx_HAL_Driver\Src\stm32f4xx_hal_spi.c 0x00000000   Number         0  stm32f4xx_hal_spi.o ABSOLUTE
    ..\Drivers\STM32F4xx_HAL_Driver\Src\stm32f4xx_hal_tim.c 0x00000000   Number         0  stm32f4xx_hal_tim.o ABSOLUTE
    ..\Drivers\STM32F4xx_HAL_Driver\Src\stm32f4xx_hal_tim_ex.c 0x00000000   Number         0  stm32f4xx_hal_tim_ex.o ABSOLUTE
    ..\Drivers\STM32F4xx_HAL_Driver\Src\stm32f4xx_hal_uart.c 0x00000000   Number         0  stm32f4xx_hal_uart.o ABSOLUTE
    ..\Drivers\STM32F4xx_HAL_Driver\Src\stm32f4xx_ll_fmc.c 0x00000000   Number         0  stm32f4xx_ll_fmc.o ABSOLUTE
    ..\Drivers\STM32F4xx_HAL_Driver\Src\stm32f4xx_ll_usb.c 0x00000000   Number         0  stm32f4xx_ll_usb.o ABSOLUTE
    ..\Middlewares\ST\STM32_USB_Host_Library\Class\CDC\Src\usbh_cdc.c 0x00000000   Number         0  usbh_cdc.o ABSOLUTE
    ..\Middlewares\ST\STM32_USB_Host_Library\Core\Src\usbh_core.c 0x00000000   Number         0  usbh_core.o ABSOLUTE
    ..\Middlewares\ST\STM32_USB_Host_Library\Core\Src\usbh_ctlreq.c 0x00000000   Number         0  usbh_ctlreq.o ABSOLUTE
    ..\Middlewares\ST\STM32_USB_Host_Library\Core\Src\usbh_ioreq.c 0x00000000   Number         0  usbh_ioreq.o ABSOLUTE
    ..\Middlewares\ST\STM32_USB_Host_Library\Core\Src\usbh_pipes.c 0x00000000   Number         0  usbh_pipes.o ABSOLUTE
    ..\Src\fmc.c                             0x00000000   Number         0  fmc.o ABSOLUTE
    ..\Src\gpio.c                            0x00000000   Number         0  gpio.o ABSOLUTE
    ..\Src\i2c.c                             0x00000000   Number         0  i2c.o ABSOLUTE
    ..\Src\ltdc.c                            0x00000000   Number         0  ltdc.o ABSOLUTE
    ..\Src\main.c                            0x00000000   Number         0  main.o ABSOLUTE
    ..\Src\spi.c                             0x00000000   Number         0  spi.o ABSOLUTE
    ..\Src\stm32f4xx_hal_msp.c               0x00000000   Number         0  stm32f4xx_hal_msp.o ABSOLUTE
    ..\Src\stm32f4xx_it.c                    0x00000000   Number         0  stm32f4xx_it.o ABSOLUTE
    ..\Src\system_stm32f4xx.c                0x00000000   Number         0  system_stm32f4xx.o ABSOLUTE
    ..\Src\usart.c                           0x00000000   Number         0  usart.o ABSOLUTE
    ..\Src\usb_host.c                        0x00000000   Number         0  usb_host.o ABSOLUTE
    ..\Src\usbh_conf.c                       0x00000000   Number         0  usbh_conf.o ABSOLUTE
    ..\Src\usbh_platform.c                   0x00000000   Number         0  usbh_platform.o ABSOLUTE
    dc.s                                     0x00000000   Number         0  dc.o ABSOLUTE
    handlers.s                               0x00000000   Number         0  handlers.o ABSOLUTE
    init.s                                   0x00000000   Number         0  init.o ABSOLUTE
    startup_stm32f429xx.s                    0x00000000   Number         0  startup_stm32f429xx.o ABSOLUTE
    RESET                                    0x08000000   Section      428  startup_stm32f429xx.o(RESET)
    .ARM.Collect$$$$00000000                 0x080001ac   Section        0  entry.o(.ARM.Collect$$$$00000000)
    .ARM.Collect$$$$00000001                 0x080001ac   Section        4  entry2.o(.ARM.Collect$$$$00000001)
    .ARM.Collect$$$$00000004                 0x080001b0   Section        4  entry5.o(.ARM.Collect$$$$00000004)
    .ARM.Collect$$$$00000008                 0x080001b4   Section        0  entry7b.o(.ARM.Collect$$$$00000008)
    .ARM.Collect$$$$0000000A                 0x080001b4   Section        0  entry8b.o(.ARM.Collect$$$$0000000A)
    .ARM.Collect$$$$0000000B                 0x080001b4   Section        8  entry9a.o(.ARM.Collect$$$$0000000B)
    .ARM.Collect$$$$0000000D                 0x080001bc   Section        0  entry10a.o(.ARM.Collect$$$$0000000D)
    .ARM.Collect$$$$0000000F                 0x080001bc   Section        0  entry11a.o(.ARM.Collect$$$$0000000F)
    .ARM.Collect$$$$00002712                 0x080001bc   Section        4  entry2.o(.ARM.Collect$$$$00002712)
    __lit__00000000                          0x080001bc   Data           4  entry2.o(.ARM.Collect$$$$00002712)
    .text                                    0x080001c0   Section       36  startup_stm32f429xx.o(.text)
    $v0                                      0x080001c0   Number         0  startup_stm32f429xx.o(.text)
    .text                                    0x080001e4   Section        0  uldiv.o(.text)
    .text                                    0x08000246   Section        0  llshl.o(.text)
    .text                                    0x08000264   Section        0  llushr.o(.text)
    .text                                    0x08000284   Section       36  init.o(.text)
    i.DeInitStateMachine                     0x080002a8   Section        0  usbh_core.o(i.DeInitStateMachine)
    DeInitStateMachine                       0x080002a9   Thumb Code    72  usbh_core.o(i.DeInitStateMachine)
    i.HAL_Delay                              0x080002f0   Section        0  stm32f4xx_hal.o(i.HAL_Delay)
    i.HAL_GPIO_Init                          0x08000314   Section        0  stm32f4xx_hal_gpio.o(i.HAL_GPIO_Init)
    i.HAL_GPIO_WritePin                      0x080004e0   Section        0  stm32f4xx_hal_gpio.o(i.HAL_GPIO_WritePin)
    i.HAL_GetTick                            0x080004ec   Section        0  stm32f4xx_hal.o(i.HAL_GetTick)
    i.HAL_HCD_Connect_Callback               0x080004f8   Section        0  usbh_conf.o(i.HAL_HCD_Connect_Callback)
    i.HAL_HCD_Disconnect_Callback            0x08000500   Section        0  usbh_conf.o(i.HAL_HCD_Disconnect_Callback)
    i.HAL_HCD_GetCurrentSpeed                0x08000508   Section        0  stm32f4xx_hal_hcd.o(i.HAL_HCD_GetCurrentSpeed)
    i.HAL_HCD_HC_GetURBState                 0x0800050e   Section        0  stm32f4xx_hal_hcd.o(i.HAL_HCD_HC_GetURBState)
    i.HAL_HCD_HC_Init                        0x0800051c   Section        0  stm32f4xx_hal_hcd.o(i.HAL_HCD_HC_Init)
    i.HAL_HCD_HC_NotifyURBChange_Callback    0x08000570   Section        0  usbh_conf.o(i.HAL_HCD_HC_NotifyURBChange_Callback)
    i.HAL_HCD_HC_SubmitRequest               0x08000572   Section        0  stm32f4xx_hal_hcd.o(i.HAL_HCD_HC_SubmitRequest)
    i.HAL_HCD_IRQHandler                     0x08000628   Section        0  stm32f4xx_hal_hcd.o(i.HAL_HCD_IRQHandler)
    i.HAL_HCD_ResetPort                      0x08000756   Section        0  stm32f4xx_hal_hcd.o(i.HAL_HCD_ResetPort)
    i.HAL_HCD_SOF_Callback                   0x0800075c   Section        0  usbh_conf.o(i.HAL_HCD_SOF_Callback)
    i.HAL_HCD_Start                          0x08000764   Section        0  stm32f4xx_hal_hcd.o(i.HAL_HCD_Start)
    i.HAL_HCD_Stop                           0x08000790   Section        0  stm32f4xx_hal_hcd.o(i.HAL_HCD_Stop)
    i.HAL_IncTick                            0x080007b4   Section        0  stm32f4xx_hal.o(i.HAL_IncTick)
    i.HAL_Init                               0x080007c4   Section        0  stm32f4xx_hal.o(i.HAL_Init)
    i.HAL_InitTick                           0x080007f8   Section        0  stm32f4xx_hal.o(i.HAL_InitTick)
    i.HAL_MspInit                            0x08000838   Section        0  stm32f4xx_hal_msp.o(i.HAL_MspInit)
    i.HAL_NVIC_SetPriority                   0x08000890   Section        0  stm32f4xx_hal_cortex.o(i.HAL_NVIC_SetPriority)
    i.HAL_NVIC_SetPriorityGrouping           0x080008d0   Section        0  stm32f4xx_hal_cortex.o(i.HAL_NVIC_SetPriorityGrouping)
    i.HAL_RCCEx_PeriphCLKConfig              0x080008f4   Section        0  stm32f4xx_hal_rcc_ex.o(i.HAL_RCCEx_PeriphCLKConfig)
    i.HAL_RCC_ClockConfig                    0x08000b28   Section        0  stm32f4xx_hal_rcc.o(i.HAL_RCC_ClockConfig)
    i.HAL_RCC_GetHCLKFreq                    0x08000c58   Section        0  stm32f4xx_hal_rcc.o(i.HAL_RCC_GetHCLKFreq)
    i.HAL_RCC_GetSysClockFreq                0x08000c64   Section        0  stm32f4xx_hal_rcc.o(i.HAL_RCC_GetSysClockFreq)
    i.HAL_RCC_OscConfig                      0x08000cc4   Section        0  stm32f4xx_hal_rcc.o(i.HAL_RCC_OscConfig)
    i.HAL_SYSTICK_CLKSourceConfig            0x08000fe0   Section        0  stm32f4xx_hal_cortex.o(i.HAL_SYSTICK_CLKSourceConfig)
    i.HAL_SYSTICK_Callback                   0x08000ff8   Section        0  stm32f4xx_hal_cortex.o(i.HAL_SYSTICK_Callback)
    i.HAL_SYSTICK_Config                     0x08000ffa   Section        0  stm32f4xx_hal_cortex.o(i.HAL_SYSTICK_Config)
    i.HAL_SYSTICK_IRQHandler                 0x08001022   Section        0  stm32f4xx_hal_cortex.o(i.HAL_SYSTICK_IRQHandler)
    i.HCD_HC_IN_IRQHandler                   0x0800102a   Section        0  stm32f4xx_hal_hcd.o(i.HCD_HC_IN_IRQHandler)
    HCD_HC_IN_IRQHandler                     0x0800102b   Thumb Code   562  stm32f4xx_hal_hcd.o(i.HCD_HC_IN_IRQHandler)
    i.HCD_HC_OUT_IRQHandler                  0x0800125c   Section        0  stm32f4xx_hal_hcd.o(i.HCD_HC_OUT_IRQHandler)
    HCD_HC_OUT_IRQHandler                    0x0800125d   Thumb Code   534  stm32f4xx_hal_hcd.o(i.HCD_HC_OUT_IRQHandler)
    i.HCD_Port_IRQHandler                    0x08001472   Section        0  stm32f4xx_hal_hcd.o(i.HCD_Port_IRQHandler)
    HCD_Port_IRQHandler                      0x08001473   Thumb Code   172  stm32f4xx_hal_hcd.o(i.HCD_Port_IRQHandler)
    i.HCD_RXQLVL_IRQHandler                  0x08001520   Section        0  stm32f4xx_hal_hcd.o(i.HCD_RXQLVL_IRQHandler)
    HCD_RXQLVL_IRQHandler                    0x08001521   Thumb Code   108  stm32f4xx_hal_hcd.o(i.HCD_RXQLVL_IRQHandler)
    i.MX_GPIO_Init                           0x08001590   Section        0  gpio.o(i.MX_GPIO_Init)
    i.MX_USB_HOST_Process                    0x08001714   Section        0  usb_host.o(i.MX_USB_HOST_Process)
    i.NVIC_SetPriority                       0x08001720   Section        0  stm32f4xx_hal_cortex.o(i.NVIC_SetPriority)
    NVIC_SetPriority                         0x08001721   Thumb Code    32  stm32f4xx_hal_cortex.o(i.NVIC_SetPriority)
    i.OTG_HS_IRQHandler                      0x08001740   Section        0  stm32f4xx_it.o(i.OTG_HS_IRQHandler)
    i.SysTick_Handler                        0x0800174c   Section        0  stm32f4xx_it.o(i.SysTick_Handler)
    i.SystemClock_Config                     0x0800175c   Section        0  main.o(i.SystemClock_Config)
    i.SystemInit                             0x08001814   Section        0  system_stm32f4xx.o(i.SystemInit)
    i.USBH_AllocPipe                         0x08001868   Section        0  usbh_pipes.o(i.USBH_AllocPipe)
    i.USBH_CtlReceiveData                    0x0800189c   Section        0  usbh_ioreq.o(i.USBH_CtlReceiveData)
    i.USBH_CtlReq                            0x080018ba   Section        0  usbh_ctlreq.o(i.USBH_CtlReq)
    i.USBH_CtlSendData                       0x080018f0   Section        0  usbh_ioreq.o(i.USBH_CtlSendData)
    i.USBH_CtlSendSetup                      0x08001918   Section        0  usbh_ioreq.o(i.USBH_CtlSendSetup)
    i.USBH_Delay                             0x08001936   Section        0  usbh_conf.o(i.USBH_Delay)
    i.USBH_FreePipe                          0x0800193a   Section        0  usbh_pipes.o(i.USBH_FreePipe)
    i.USBH_GetDescriptor                     0x08001952   Section        0  usbh_ctlreq.o(i.USBH_GetDescriptor)
    i.USBH_GetNextDesc                       0x08001986   Section        0  usbh_ctlreq.o(i.USBH_GetNextDesc)
    i.USBH_Get_CfgDesc                       0x08001994   Section        0  usbh_ctlreq.o(i.USBH_Get_CfgDesc)
    i.USBH_Get_DevDesc                       0x080019c0   Section        0  usbh_ctlreq.o(i.USBH_Get_DevDesc)
    i.USBH_Get_StringDesc                    0x08001a5a   Section        0  usbh_ctlreq.o(i.USBH_Get_StringDesc)
    i.USBH_HandleControl                     0x08001aa2   Section        0  usbh_ctlreq.o(i.USBH_HandleControl)
    USBH_HandleControl                       0x08001aa3   Thumb Code   382  usbh_ctlreq.o(i.USBH_HandleControl)
    i.USBH_HandleEnum                        0x08001c20   Section        0  usbh_core.o(i.USBH_HandleEnum)
    USBH_HandleEnum                          0x08001c21   Thumb Code   242  usbh_core.o(i.USBH_HandleEnum)
    i.USBH_LL_Connect                        0x08001d12   Section        0  usbh_core.o(i.USBH_LL_Connect)
    i.USBH_LL_Disconnect                     0x08001d3a   Section        0  usbh_core.o(i.USBH_LL_Disconnect)
    i.USBH_LL_GetSpeed                       0x08001d72   Section        0  usbh_conf.o(i.USBH_LL_GetSpeed)
    i.USBH_LL_GetURBState                    0x08001d94   Section        0  usbh_conf.o(i.USBH_LL_GetURBState)
    i.USBH_LL_IncTimer                       0x08001d9c   Section        0  usbh_core.o(i.USBH_LL_IncTimer)
    i.USBH_LL_OpenPipe                       0x08001dba   Section        0  usbh_conf.o(i.USBH_LL_OpenPipe)
    i.USBH_LL_ResetPort                      0x08001de4   Section        0  usbh_conf.o(i.USBH_LL_ResetPort)
    i.USBH_LL_Start                          0x08001e04   Section        0  usbh_conf.o(i.USBH_LL_Start)
    i.USBH_LL_Stop                           0x08001e24   Section        0  usbh_conf.o(i.USBH_LL_Stop)
    i.USBH_LL_SubmitURB                      0x08001e44   Section        0  usbh_conf.o(i.USBH_LL_SubmitURB)
    i.USBH_OpenPipe                          0x08001e74   Section        0  usbh_pipes.o(i.USBH_OpenPipe)
    i.USBH_ParseCfgDesc                      0x08001e88   Section        0  usbh_ctlreq.o(i.USBH_ParseCfgDesc)
    USBH_ParseCfgDesc                        0x08001e89   Thumb Code   232  usbh_ctlreq.o(i.USBH_ParseCfgDesc)
    i.USBH_Process                           0x08001f70   Section        0  usbh_core.o(i.USBH_Process)
    i.USBH_SetAddress                        0x080020d8   Section        0  usbh_ctlreq.o(i.USBH_SetAddress)
    i.USBH_SetCfg                            0x080020f4   Section        0  usbh_ctlreq.o(i.USBH_SetCfg)
    i.USB_DoPing                             0x08002110   Section        0  stm32f4xx_ll_usb.o(i.USB_DoPing)
    i.USB_DriveVbus                          0x08002150   Section        0  stm32f4xx_ll_usb.o(i.USB_DriveVbus)
    i.USB_EnableGlobalInt                    0x0800217c   Section        0  stm32f4xx_ll_usb.o(i.USB_EnableGlobalInt)
    i.USB_FlushRxFifo                        0x08002188   Section        0  stm32f4xx_ll_usb.o(i.USB_FlushRxFifo)
    i.USB_FlushTxFifo                        0x080021a8   Section        0  stm32f4xx_ll_usb.o(i.USB_FlushTxFifo)
    i.USB_GetHostSpeed                       0x080021cc   Section        0  stm32f4xx_ll_usb.o(i.USB_GetHostSpeed)
    i.USB_GetMode                            0x080021da   Section        0  stm32f4xx_ll_usb.o(i.USB_GetMode)
    i.USB_HC_Halt                            0x080021e2   Section        0  stm32f4xx_ll_usb.o(i.USB_HC_Halt)
    i.USB_HC_Init                            0x0800232c   Section        0  stm32f4xx_ll_usb.o(i.USB_HC_Init)
    i.USB_HC_ReadInterrupt                   0x08002416   Section        0  stm32f4xx_ll_usb.o(i.USB_HC_ReadInterrupt)
    i.USB_HC_StartXfer                       0x08002424   Section        0  stm32f4xx_ll_usb.o(i.USB_HC_StartXfer)
    i.USB_InitFSLSPClkSel                    0x080025ac   Section        0  stm32f4xx_ll_usb.o(i.USB_InitFSLSPClkSel)
    i.USB_ReadInterrupts                     0x080025e2   Section        0  stm32f4xx_ll_usb.o(i.USB_ReadInterrupts)
    i.USB_ReadPacket                         0x080025ea   Section        0  stm32f4xx_ll_usb.o(i.USB_ReadPacket)
    i.USB_ResetPort                          0x0800260a   Section        0  stm32f4xx_ll_usb.o(i.USB_ResetPort)
    i.USB_StopHost                           0x08002636   Section        0  stm32f4xx_ll_usb.o(i.USB_StopHost)
    i.USB_WritePacket                        0x080026e8   Section        0  stm32f4xx_ll_usb.o(i.USB_WritePacket)
    i.__scatterload_copy                     0x08002710   Section       14  handlers.o(i.__scatterload_copy)
    i.__scatterload_null                     0x0800271e   Section        2  handlers.o(i.__scatterload_null)
    i.__scatterload_zeroinit                 0x08002720   Section       14  handlers.o(i.__scatterload_zeroinit)
    i.main                                   0x08002730   Section        0  main.o(i.main)
    .constdata                               0x08002774   Section       16  system_stm32f4xx.o(.constdata)
    .data                                    0x20000000   Section       12  stm32f4xx_hal.o(.data)
    .data                                    0x2000000c   Section        4  system_stm32f4xx.o(.data)
    .bss                                     0x20000010   Section      664  usbh_conf.o(.bss)
    .bss                                     0x200002a8   Section      968  usb_host.o(.bss)
    STACK                                    0x20000670   Section     1024  startup_stm32f429xx.o(STACK)

    Global Symbols

    Symbol Name                              Value     Ov Type        Size  Object(Section)

    BuildAttributes$$THM_ISAv4$E$P$D$K$B$S$7EM$VFPi3$EXTD16$VFPS$VFMA$PE$A:L22UL41UL21$X:L11$S22US41US21$IEEE1$IW$USESV6$~STKCKD$USESV7$~SHL$OSPACE$EBA8$MICROLIB$REQ8$PRES8$EABIv2 0x00000000   Number         0  anon$$obj.o ABSOLUTE
    __ARM_use_no_argv                        0x00000000   Number         0  main.o ABSOLUTE
    __cpp_initialize__aeabi_                  - Undefined Weak Reference
    __cxa_finalize                            - Undefined Weak Reference
    __decompress                              - Undefined Weak Reference
    _clock_init                               - Undefined Weak Reference
    _microlib_exit                            - Undefined Weak Reference
    __Vectors_Size                           0x000001ac   Number         0  startup_stm32f429xx.o ABSOLUTE
    __Vectors                                0x08000000   Data           4  startup_stm32f429xx.o(RESET)
    __Vectors_End                            0x080001ac   Data           0  startup_stm32f429xx.o(RESET)
    __main                                   0x080001ad   Thumb Code     0  entry.o(.ARM.Collect$$$$00000000)
    _main_stk                                0x080001ad   Thumb Code     0  entry2.o(.ARM.Collect$$$$00000001)
    _main_scatterload                        0x080001b1   Thumb Code     0  entry5.o(.ARM.Collect$$$$00000004)
    __main_after_scatterload                 0x080001b5   Thumb Code     0  entry5.o(.ARM.Collect$$$$00000004)
    _main_clock                              0x080001b5   Thumb Code     0  entry7b.o(.ARM.Collect$$$$00000008)
    _main_cpp_init                           0x080001b5   Thumb Code     0  entry8b.o(.ARM.Collect$$$$0000000A)
    _main_init                               0x080001b5   Thumb Code     0  entry9a.o(.ARM.Collect$$$$0000000B)
    __rt_final_cpp                           0x080001bd   Thumb Code     0  entry10a.o(.ARM.Collect$$$$0000000D)
    __rt_final_exit                          0x080001bd   Thumb Code     0  entry11a.o(.ARM.Collect$$$$0000000F)
    Reset_Handler                            0x080001c1   Thumb Code     8  startup_stm32f429xx.o(.text)
    NMI_Handler                              0x080001c9   Thumb Code     2  startup_stm32f429xx.o(.text)
    HardFault_Handler                        0x080001cb   Thumb Code     2  startup_stm32f429xx.o(.text)
    MemManage_Handler                        0x080001cd   Thumb Code     2  startup_stm32f429xx.o(.text)
    BusFault_Handler                         0x080001cf   Thumb Code     2  startup_stm32f429xx.o(.text)
    UsageFault_Handler                       0x080001d1   Thumb Code     2  startup_stm32f429xx.o(.text)
    SVC_Handler                              0x080001d3   Thumb Code     2  startup_stm32f429xx.o(.text)
    DebugMon_Handler                         0x080001d5   Thumb Code     2  startup_stm32f429xx.o(.text)
    PendSV_Handler                           0x080001d7   Thumb Code     2  startup_stm32f429xx.o(.text)
    ADC_IRQHandler                           0x080001db   Thumb Code     0  startup_stm32f429xx.o(.text)
    CAN1_RX0_IRQHandler                      0x080001db   Thumb Code     0  startup_stm32f429xx.o(.text)
    CAN1_RX1_IRQHandler                      0x080001db   Thumb Code     0  startup_stm32f429xx.o(.text)
    CAN1_SCE_IRQHandler                      0x080001db   Thumb Code     0  startup_stm32f429xx.o(.text)
    CAN1_TX_IRQHandler                       0x080001db   Thumb Code     0  startup_stm32f429xx.o(.text)
    CAN2_RX0_IRQHandler                      0x080001db   Thumb Code     0  startup_stm32f429xx.o(.text)
    CAN2_RX1_IRQHandler                      0x080001db   Thumb Code     0  startup_stm32f429xx.o(.text)
    CAN2_SCE_IRQHandler                      0x080001db   Thumb Code     0  startup_stm32f429xx.o(.text)
    CAN2_TX_IRQHandler                       0x080001db   Thumb Code     0  startup_stm32f429xx.o(.text)
    DCMI_IRQHandler                          0x080001db   Thumb Code     0  startup_stm32f429xx.o(.text)
    DMA1_Stream0_IRQHandler                  0x080001db   Thumb Code     0  startup_stm32f429xx.o(.text)
    DMA1_Stream1_IRQHandler                  0x080001db   Thumb Code     0  startup_stm32f429xx.o(.text)
    DMA1_Stream2_IRQHandler                  0x080001db   Thumb Code     0  startup_stm32f429xx.o(.text)
    DMA1_Stream3_IRQHandler                  0x080001db   Thumb Code     0  startup_stm32f429xx.o(.text)
    DMA1_Stream4_IRQHandler                  0x080001db   Thumb Code     0  startup_stm32f429xx.o(.text)
    DMA1_Stream5_IRQHandler                  0x080001db   Thumb Code     0  startup_stm32f429xx.o(.text)
    DMA1_Stream6_IRQHandler                  0x080001db   Thumb Code     0  startup_stm32f429xx.o(.text)
    DMA1_Stream7_IRQHandler                  0x080001db   Thumb Code     0  startup_stm32f429xx.o(.text)
    DMA2D_IRQHandler                         0x080001db   Thumb Code     0  startup_stm32f429xx.o(.text)
    DMA2_Stream0_IRQHandler                  0x080001db   Thumb Code     0  startup_stm32f429xx.o(.text)
    DMA2_Stream1_IRQHandler                  0x080001db   Thumb Code     0  startup_stm32f429xx.o(.text)
    DMA2_Stream2_IRQHandler                  0x080001db   Thumb Code     0  startup_stm32f429xx.o(.text)
    DMA2_Stream3_IRQHandler                  0x080001db   Thumb Code     0  startup_stm32f429xx.o(.text)
    DMA2_Stream4_IRQHandler                  0x080001db   Thumb Code     0  startup_stm32f429xx.o(.text)
    DMA2_Stream5_IRQHandler                  0x080001db   Thumb Code     0  startup_stm32f429xx.o(.text)
    DMA2_Stream6_IRQHandler                  0x080001db   Thumb Code     0  startup_stm32f429xx.o(.text)
    DMA2_Stream7_IRQHandler                  0x080001db   Thumb Code     0  startup_stm32f429xx.o(.text)
    ETH_IRQHandler                           0x080001db   Thumb Code     0  startup_stm32f429xx.o(.text)
    ETH_WKUP_IRQHandler                      0x080001db   Thumb Code     0  startup_stm32f429xx.o(.text)
    EXTI0_IRQHandler                         0x080001db   Thumb Code     0  startup_stm32f429xx.o(.text)
    EXTI15_10_IRQHandler                     0x080001db   Thumb Code     0  startup_stm32f429xx.o(.text)
    EXTI1_IRQHandler                         0x080001db   Thumb Code     0  startup_stm32f429xx.o(.text)
    EXTI2_IRQHandler                         0x080001db   Thumb Code     0  startup_stm32f429xx.o(.text)
    EXTI3_IRQHandler                         0x080001db   Thumb Code     0  startup_stm32f429xx.o(.text)
    EXTI4_IRQHandler                         0x080001db   Thumb Code     0  startup_stm32f429xx.o(.text)
    EXTI9_5_IRQHandler                       0x080001db   Thumb Code     0  startup_stm32f429xx.o(.text)
    FLASH_IRQHandler                         0x080001db   Thumb Code     0  startup_stm32f429xx.o(.text)
    FMC_IRQHandler                           0x080001db   Thumb Code     0  startup_stm32f429xx.o(.text)
    FPU_IRQHandler                           0x080001db   Thumb Code     0  startup_stm32f429xx.o(.text)
    HASH_RNG_IRQHandler                      0x080001db   Thumb Code     0  startup_stm32f429xx.o(.text)
    I2C1_ER_IRQHandler                       0x080001db   Thumb Code     0  startup_stm32f429xx.o(.text)
    I2C1_EV_IRQHandler                       0x080001db   Thumb Code     0  startup_stm32f429xx.o(.text)
    I2C2_ER_IRQHandler                       0x080001db   Thumb Code     0  startup_stm32f429xx.o(.text)
    I2C2_EV_IRQHandler                       0x080001db   Thumb Code     0  startup_stm32f429xx.o(.text)
    I2C3_ER_IRQHandler                       0x080001db   Thumb Code     0  startup_stm32f429xx.o(.text)
    I2C3_EV_IRQHandler                       0x080001db   Thumb Code     0  startup_stm32f429xx.o(.text)
    LTDC_ER_IRQHandler                       0x080001db   Thumb Code     0  startup_stm32f429xx.o(.text)
    LTDC_IRQHandler                          0x080001db   Thumb Code     0  startup_stm32f429xx.o(.text)
    OTG_FS_IRQHandler                        0x080001db   Thumb Code     0  startup_stm32f429xx.o(.text)
    OTG_FS_WKUP_IRQHandler                   0x080001db   Thumb Code     0  startup_stm32f429xx.o(.text)
    OTG_HS_EP1_IN_IRQHandler                 0x080001db   Thumb Code     0  startup_stm32f429xx.o(.text)
    OTG_HS_EP1_OUT_IRQHandler                0x080001db   Thumb Code     0  startup_stm32f429xx.o(.text)
    OTG_HS_WKUP_IRQHandler                   0x080001db   Thumb Code     0  startup_stm32f429xx.o(.text)
    PVD_IRQHandler                           0x080001db   Thumb Code     0  startup_stm32f429xx.o(.text)
    RCC_IRQHandler                           0x080001db   Thumb Code     0  startup_stm32f429xx.o(.text)
    RTC_Alarm_IRQHandler                     0x080001db   Thumb Code     0  startup_stm32f429xx.o(.text)
    RTC_WKUP_IRQHandler                      0x080001db   Thumb Code     0  startup_stm32f429xx.o(.text)
    SAI1_IRQHandler                          0x080001db   Thumb Code     0  startup_stm32f429xx.o(.text)
    SDIO_IRQHandler                          0x080001db   Thumb Code     0  startup_stm32f429xx.o(.text)
    SPI1_IRQHandler                          0x080001db   Thumb Code     0  startup_stm32f429xx.o(.text)
    SPI2_IRQHandler                          0x080001db   Thumb Code     0  startup_stm32f429xx.o(.text)
    SPI3_IRQHandler                          0x080001db   Thumb Code     0  startup_stm32f429xx.o(.text)
    SPI4_IRQHandler                          0x080001db   Thumb Code     0  startup_stm32f429xx.o(.text)
    SPI5_IRQHandler                          0x080001db   Thumb Code     0  startup_stm32f429xx.o(.text)
    SPI6_IRQHandler                          0x080001db   Thumb Code     0  startup_stm32f429xx.o(.text)
    TAMP_STAMP_IRQHandler                    0x080001db   Thumb Code     0  startup_stm32f429xx.o(.text)
    TIM1_BRK_TIM9_IRQHandler                 0x080001db   Thumb Code     0  startup_stm32f429xx.o(.text)
    TIM1_CC_IRQHandler                       0x080001db   Thumb Code     0  startup_stm32f429xx.o(.text)
    TIM1_TRG_COM_TIM11_IRQHandler            0x080001db   Thumb Code     0  startup_stm32f429xx.o(.text)
    TIM1_UP_TIM10_IRQHandler                 0x080001db   Thumb Code     0  startup_stm32f429xx.o(.text)
    TIM2_IRQHandler                          0x080001db   Thumb Code     0  startup_stm32f429xx.o(.text)
    TIM3_IRQHandler                          0x080001db   Thumb Code     0  startup_stm32f429xx.o(.text)
    TIM4_IRQHandler                          0x080001db   Thumb Code     0  startup_stm32f429xx.o(.text)
    TIM5_IRQHandler                          0x080001db   Thumb Code     0  startup_stm32f429xx.o(.text)
    TIM6_DAC_IRQHandler                      0x080001db   Thumb Code     0  startup_stm32f429xx.o(.text)
    TIM7_IRQHandler                          0x080001db   Thumb Code     0  startup_stm32f429xx.o(.text)
    TIM8_BRK_TIM12_IRQHandler                0x080001db   Thumb Code     0  startup_stm32f429xx.o(.text)
    TIM8_CC_IRQHandler                       0x080001db   Thumb Code     0  startup_stm32f429xx.o(.text)
    TIM8_TRG_COM_TIM14_IRQHandler            0x080001db   Thumb Code     0  startup_stm32f429xx.o(.text)
    TIM8_UP_TIM13_IRQHandler                 0x080001db   Thumb Code     0  startup_stm32f429xx.o(.text)
    UART4_IRQHandler                         0x080001db   Thumb Code     0  startup_stm32f429xx.o(.text)
    UART5_IRQHandler                         0x080001db   Thumb Code     0  startup_stm32f429xx.o(.text)
    UART7_IRQHandler                         0x080001db   Thumb Code     0  startup_stm32f429xx.o(.text)
    UART8_IRQHandler                         0x080001db   Thumb Code     0  startup_stm32f429xx.o(.text)
    USART1_IRQHandler                        0x080001db   Thumb Code     0  startup_stm32f429xx.o(.text)
    USART2_IRQHandler                        0x080001db   Thumb Code     0  startup_stm32f429xx.o(.text)
    USART3_IRQHandler                        0x080001db   Thumb Code     0  startup_stm32f429xx.o(.text)
    USART6_IRQHandler                        0x080001db   Thumb Code     0  startup_stm32f429xx.o(.text)
    WWDG_IRQHandler                          0x080001db   Thumb Code     0  startup_stm32f429xx.o(.text)
    __aeabi_uldivmod                         0x080001e5   Thumb Code    98  uldiv.o(.text)
    __aeabi_llsl                             0x08000247   Thumb Code    30  llshl.o(.text)
    _ll_shift_l                              0x08000247   Thumb Code     0  llshl.o(.text)
    __aeabi_llsr                             0x08000265   Thumb Code    32  llushr.o(.text)
    _ll_ushift_r                             0x08000265   Thumb Code     0  llushr.o(.text)
    __scatterload                            0x08000285   Thumb Code    28  init.o(.text)
    __scatterload_rt2                        0x08000285   Thumb Code     0  init.o(.text)
    HAL_Delay                                0x080002f1   Thumb Code    32  stm32f4xx_hal.o(i.HAL_Delay)
    HAL_GPIO_Init                            0x08000315   Thumb Code   408  stm32f4xx_hal_gpio.o(i.HAL_GPIO_Init)
    HAL_GPIO_WritePin                        0x080004e1   Thumb Code    10  stm32f4xx_hal_gpio.o(i.HAL_GPIO_WritePin)
    HAL_GetTick                              0x080004ed   Thumb Code     6  stm32f4xx_hal.o(i.HAL_GetTick)
    HAL_HCD_Connect_Callback                 0x080004f9   Thumb Code     8  usbh_conf.o(i.HAL_HCD_Connect_Callback)
    HAL_HCD_Disconnect_Callback              0x08000501   Thumb Code     8  usbh_conf.o(i.HAL_HCD_Disconnect_Callback)
    HAL_HCD_GetCurrentSpeed                  0x08000509   Thumb Code     6  stm32f4xx_hal_hcd.o(i.HAL_HCD_GetCurrentSpeed)
    HAL_HCD_HC_GetURBState                   0x0800050f   Thumb Code    14  stm32f4xx_hal_hcd.o(i.HAL_HCD_HC_GetURBState)
    HAL_HCD_HC_Init                          0x0800051d   Thumb Code    84  stm32f4xx_hal_hcd.o(i.HAL_HCD_HC_Init)
    HAL_HCD_HC_NotifyURBChange_Callback      0x08000571   Thumb Code     2  usbh_conf.o(i.HAL_HCD_HC_NotifyURBChange_Callback)
    HAL_HCD_HC_SubmitRequest                 0x08000573   Thumb Code   182  stm32f4xx_hal_hcd.o(i.HAL_HCD_HC_SubmitRequest)
    HAL_HCD_IRQHandler                       0x08000629   Thumb Code   302  stm32f4xx_hal_hcd.o(i.HAL_HCD_IRQHandler)
    HAL_HCD_ResetPort                        0x08000757   Thumb Code     6  stm32f4xx_hal_hcd.o(i.HAL_HCD_ResetPort)
    HAL_HCD_SOF_Callback                     0x0800075d   Thumb Code     8  usbh_conf.o(i.HAL_HCD_SOF_Callback)
    HAL_HCD_Start                            0x08000765   Thumb Code    44  stm32f4xx_hal_hcd.o(i.HAL_HCD_Start)
    HAL_HCD_Stop                             0x08000791   Thumb Code    36  stm32f4xx_hal_hcd.o(i.HAL_HCD_Stop)
    HAL_IncTick                              0x080007b5   Thumb Code    12  stm32f4xx_hal.o(i.HAL_IncTick)
    HAL_Init                                 0x080007c5   Thumb Code    48  stm32f4xx_hal.o(i.HAL_Init)
    HAL_InitTick                             0x080007f9   Thumb Code    54  stm32f4xx_hal.o(i.HAL_InitTick)
    HAL_MspInit                              0x08000839   Thumb Code    88  stm32f4xx_hal_msp.o(i.HAL_MspInit)
    HAL_NVIC_SetPriority                     0x08000891   Thumb Code    60  stm32f4xx_hal_cortex.o(i.HAL_NVIC_SetPriority)
    HAL_NVIC_SetPriorityGrouping             0x080008d1   Thumb Code    26  stm32f4xx_hal_cortex.o(i.HAL_NVIC_SetPriorityGrouping)
    HAL_RCCEx_PeriphCLKConfig                0x080008f5   Thumb Code   528  stm32f4xx_hal_rcc_ex.o(i.HAL_RCCEx_PeriphCLKConfig)
    HAL_RCC_ClockConfig                      0x08000b29   Thumb Code   286  stm32f4xx_hal_rcc.o(i.HAL_RCC_ClockConfig)
    HAL_RCC_GetHCLKFreq                      0x08000c59   Thumb Code     6  stm32f4xx_hal_rcc.o(i.HAL_RCC_GetHCLKFreq)
    HAL_RCC_GetSysClockFreq                  0x08000c65   Thumb Code    88  stm32f4xx_hal_rcc.o(i.HAL_RCC_GetSysClockFreq)
    HAL_RCC_OscConfig                        0x08000cc5   Thumb Code   770  stm32f4xx_hal_rcc.o(i.HAL_RCC_OscConfig)
    HAL_SYSTICK_CLKSourceConfig              0x08000fe1   Thumb Code    24  stm32f4xx_hal_cortex.o(i.HAL_SYSTICK_CLKSourceConfig)
    HAL_SYSTICK_Callback                     0x08000ff9   Thumb Code     2  stm32f4xx_hal_cortex.o(i.HAL_SYSTICK_Callback)
    HAL_SYSTICK_Config                       0x08000ffb   Thumb Code    40  stm32f4xx_hal_cortex.o(i.HAL_SYSTICK_Config)
    HAL_SYSTICK_IRQHandler                   0x08001023   Thumb Code     8  stm32f4xx_hal_cortex.o(i.HAL_SYSTICK_IRQHandler)
    MX_GPIO_Init                             0x08001591   Thumb Code   358  gpio.o(i.MX_GPIO_Init)
    MX_USB_HOST_Process                      0x08001715   Thumb Code     6  usb_host.o(i.MX_USB_HOST_Process)
    OTG_HS_IRQHandler                        0x08001741   Thumb Code     6  stm32f4xx_it.o(i.OTG_HS_IRQHandler)
    SysTick_Handler                          0x0800174d   Thumb Code    14  stm32f4xx_it.o(i.SysTick_Handler)
    SystemClock_Config                       0x0800175d   Thumb Code   174  main.o(i.SystemClock_Config)
    SystemInit                               0x08001815   Thumb Code    66  system_stm32f4xx.o(i.SystemInit)
    USBH_AllocPipe                           0x08001869   Thumb Code    52  usbh_pipes.o(i.USBH_AllocPipe)
    USBH_CtlReceiveData                      0x0800189d   Thumb Code    30  usbh_ioreq.o(i.USBH_CtlReceiveData)
    USBH_CtlReq                              0x080018bb   Thumb Code    54  usbh_ctlreq.o(i.USBH_CtlReq)
    USBH_CtlSendData                         0x080018f1   Thumb Code    40  usbh_ioreq.o(i.USBH_CtlSendData)
    USBH_CtlSendSetup                        0x08001919   Thumb Code    30  usbh_ioreq.o(i.USBH_CtlSendSetup)
    USBH_Delay                               0x08001937   Thumb Code     4  usbh_conf.o(i.USBH_Delay)
    USBH_FreePipe                            0x0800193b   Thumb Code    24  usbh_pipes.o(i.USBH_FreePipe)
    USBH_GetDescriptor                       0x08001953   Thumb Code    52  usbh_ctlreq.o(i.USBH_GetDescriptor)
    USBH_GetNextDesc                         0x08001987   Thumb Code    14  usbh_ctlreq.o(i.USBH_GetNextDesc)
    USBH_Get_CfgDesc                         0x08001995   Thumb Code    44  usbh_ctlreq.o(i.USBH_Get_CfgDesc)
    USBH_Get_DevDesc                         0x080019c1   Thumb Code   154  usbh_ctlreq.o(i.USBH_Get_DevDesc)
    USBH_Get_StringDesc                      0x08001a5b   Thumb Code    72  usbh_ctlreq.o(i.USBH_Get_StringDesc)
    USBH_LL_Connect                          0x08001d13   Thumb Code    40  usbh_core.o(i.USBH_LL_Connect)
    USBH_LL_Disconnect                       0x08001d3b   Thumb Code    56  usbh_core.o(i.USBH_LL_Disconnect)
    USBH_LL_GetSpeed                         0x08001d73   Thumb Code    34  usbh_conf.o(i.USBH_LL_GetSpeed)
    USBH_LL_GetURBState                      0x08001d95   Thumb Code     8  usbh_conf.o(i.USBH_LL_GetURBState)
    USBH_LL_IncTimer                         0x08001d9d   Thumb Code    30  usbh_core.o(i.USBH_LL_IncTimer)
    USBH_LL_OpenPipe                         0x08001dbb   Thumb Code    42  usbh_conf.o(i.USBH_LL_OpenPipe)
    USBH_LL_ResetPort                        0x08001de5   Thumb Code    32  usbh_conf.o(i.USBH_LL_ResetPort)
    USBH_LL_Start                            0x08001e05   Thumb Code    32  usbh_conf.o(i.USBH_LL_Start)
    USBH_LL_Stop                             0x08001e25   Thumb Code    32  usbh_conf.o(i.USBH_LL_Stop)
    USBH_LL_SubmitURB                        0x08001e45   Thumb Code    48  usbh_conf.o(i.USBH_LL_SubmitURB)
    USBH_OpenPipe                            0x08001e75   Thumb Code    20  usbh_pipes.o(i.USBH_OpenPipe)
    USBH_Process                             0x08001f71   Thumb Code   360  usbh_core.o(i.USBH_Process)
    USBH_SetAddress                          0x080020d9   Thumb Code    28  usbh_ctlreq.o(i.USBH_SetAddress)
    USBH_SetCfg                              0x080020f5   Thumb Code    28  usbh_ctlreq.o(i.USBH_SetCfg)
    USB_DoPing                               0x08002111   Thumb Code    60  stm32f4xx_ll_usb.o(i.USB_DoPing)
    USB_DriveVbus                            0x08002151   Thumb Code    44  stm32f4xx_ll_usb.o(i.USB_DriveVbus)
    USB_EnableGlobalInt                      0x0800217d   Thumb Code    12  stm32f4xx_ll_usb.o(i.USB_EnableGlobalInt)
    USB_FlushRxFifo                          0x08002189   Thumb Code    28  stm32f4xx_ll_usb.o(i.USB_FlushRxFifo)
    USB_FlushTxFifo                          0x080021a9   Thumb Code    32  stm32f4xx_ll_usb.o(i.USB_FlushTxFifo)
    USB_GetHostSpeed                         0x080021cd   Thumb Code    14  stm32f4xx_ll_usb.o(i.USB_GetHostSpeed)
    USB_GetMode                              0x080021db   Thumb Code     8  stm32f4xx_ll_usb.o(i.USB_GetMode)
    USB_HC_Halt                              0x080021e3   Thumb Code   328  stm32f4xx_ll_usb.o(i.USB_HC_Halt)
    USB_HC_Init                              0x0800232d   Thumb Code   234  stm32f4xx_ll_usb.o(i.USB_HC_Init)
    USB_HC_ReadInterrupt                     0x08002417   Thumb Code    12  stm32f4xx_ll_usb.o(i.USB_HC_ReadInterrupt)
    USB_HC_StartXfer                         0x08002425   Thumb Code   386  stm32f4xx_ll_usb.o(i.USB_HC_StartXfer)
    USB_InitFSLSPClkSel                      0x080025ad   Thumb Code    54  stm32f4xx_ll_usb.o(i.USB_InitFSLSPClkSel)
    USB_ReadInterrupts                       0x080025e3   Thumb Code     8  stm32f4xx_ll_usb.o(i.USB_ReadInterrupts)
    USB_ReadPacket                           0x080025eb   Thumb Code    32  stm32f4xx_ll_usb.o(i.USB_ReadPacket)
    USB_ResetPort                            0x0800260b   Thumb Code    44  stm32f4xx_ll_usb.o(i.USB_ResetPort)
    USB_StopHost                             0x08002637   Thumb Code   178  stm32f4xx_ll_usb.o(i.USB_StopHost)
    USB_WritePacket                          0x080026e9   Thumb Code    40  stm32f4xx_ll_usb.o(i.USB_WritePacket)
    __scatterload_copy                       0x08002711   Thumb Code    14  handlers.o(i.__scatterload_copy)
    __scatterload_null                       0x0800271f   Thumb Code     2  handlers.o(i.__scatterload_null)
    __scatterload_zeroinit                   0x08002721   Thumb Code    14  handlers.o(i.__scatterload_zeroinit)
    main                                     0x08002731   Thumb Code    58  main.o(i.main)
    AHBPrescTable                            0x08002774   Data          16  system_stm32f4xx.o(.constdata)
    Region$$Table$$Base                      0x08002784   Number         0  anon$$obj.o(Region$$Table)
    Region$$Table$$Limit                     0x080027a4   Number         0  anon$$obj.o(Region$$Table)
    uwTickFreq                               0x20000000   Data           1  stm32f4xx_hal.o(.data)
    uwTickPrio                               0x20000004   Data           4  stm32f4xx_hal.o(.data)
    uwTick                                   0x20000008   Data           4  stm32f4xx_hal.o(.data)
    SystemCoreClock                          0x2000000c   Data           4  system_stm32f4xx.o(.data)
    hhcd_USB_OTG_HS                          0x20000010   Data         664  usbh_conf.o(.bss)
    hUsbHostHS                               0x200002a8   Data         968  usb_host.o(.bss)
    __initial_sp                             0x20000a70   Data           0  startup_stm32f429xx.o(STACK)



==============================================================================

Memory Map of the image

  Image Entry point : 0x080001ad

  Load Region LR_IROM1 (Base: 0x08000000, Size: 0x000027b4, Max: 0x00200000, ABSOLUTE)

    Execution Region ER_IROM1 (Base: 0x08000000, Size: 0x000027a4, Max: 0x00200000, ABSOLUTE)

    Base Addr    Size         Type   Attr      Idx    E Section Name        Object

    0x08000000   0x000001ac   Data   RO            3    RESET               startup_stm32f429xx.o
    0x080001ac   0x00000000   Code   RO         4513  * .ARM.Collect$$$$00000000  mc_w.l(entry.o)
    0x080001ac   0x00000004   Code   RO         4550    .ARM.Collect$$$$00000001  mc_w.l(entry2.o)
    0x080001b0   0x00000004   Code   RO         4553    .ARM.Collect$$$$00000004  mc_w.l(entry5.o)
    0x080001b4   0x00000000   Code   RO         4555    .ARM.Collect$$$$00000008  mc_w.l(entry7b.o)
    0x080001b4   0x00000000   Code   RO         4557    .ARM.Collect$$$$0000000A  mc_w.l(entry8b.o)
    0x080001b4   0x00000008   Code   RO         4558    .ARM.Collect$$$$0000000B  mc_w.l(entry9a.o)
    0x080001bc   0x00000000   Code   RO         4560    .ARM.Collect$$$$0000000D  mc_w.l(entry10a.o)
    0x080001bc   0x00000000   Code   RO         4562    .ARM.Collect$$$$0000000F  mc_w.l(entry11a.o)
    0x080001bc   0x00000004   Code   RO         4551    .ARM.Collect$$$$00002712  mc_w.l(entry2.o)
    0x080001c0   0x00000024   Code   RO            4    .text               startup_stm32f429xx.o
    0x080001e4   0x00000062   Code   RO         4516    .text               mc_w.l(uldiv.o)
    0x08000246   0x0000001e   Code   RO         4564    .text               mc_w.l(llshl.o)
    0x08000264   0x00000020   Code   RO         4566    .text               mc_w.l(llushr.o)
    0x08000284   0x00000024   Code   RO         4570    .text               mc_w.l(init.o)
    0x080002a8   0x00000048   Code   RO         4040    i.DeInitStateMachine  usbh_core.o
    0x080002f0   0x00000024   Code   RO         1062    i.HAL_Delay         stm32f4xx_hal.o
    0x08000314   0x000001cc   Code   RO         3959    i.HAL_GPIO_Init     stm32f4xx_hal_gpio.o
    0x080004e0   0x0000000a   Code   RO         3963    i.HAL_GPIO_WritePin  stm32f4xx_hal_gpio.o
    0x080004ea   0x00000002   PAD
    0x080004ec   0x0000000c   Code   RO         1070    i.HAL_GetTick       stm32f4xx_hal.o
    0x080004f8   0x00000008   Code   RO          215    i.HAL_HCD_Connect_Callback  usbh_conf.o
    0x08000500   0x00000008   Code   RO          216    i.HAL_HCD_Disconnect_Callback  usbh_conf.o
    0x08000508   0x00000006   Code   RO         3028    i.HAL_HCD_GetCurrentSpeed  stm32f4xx_hal_hcd.o
    0x0800050e   0x0000000e   Code   RO         3031    i.HAL_HCD_HC_GetURBState  stm32f4xx_hal_hcd.o
    0x0800051c   0x00000054   Code   RO         3034    i.HAL_HCD_HC_Init   stm32f4xx_hal_hcd.o
    0x08000570   0x00000002   Code   RO          217    i.HAL_HCD_HC_NotifyURBChange_Callback  usbh_conf.o
    0x08000572   0x000000b6   Code   RO         3036    i.HAL_HCD_HC_SubmitRequest  stm32f4xx_hal_hcd.o
    0x08000628   0x0000012e   Code   RO         3037    i.HAL_HCD_IRQHandler  stm32f4xx_hal_hcd.o
    0x08000756   0x00000006   Code   RO         3041    i.HAL_HCD_ResetPort  stm32f4xx_hal_hcd.o
    0x0800075c   0x00000008   Code   RO          220    i.HAL_HCD_SOF_Callback  usbh_conf.o
    0x08000764   0x0000002c   Code   RO         3043    i.HAL_HCD_Start     stm32f4xx_hal_hcd.o
    0x08000790   0x00000024   Code   RO         3044    i.HAL_HCD_Stop      stm32f4xx_hal_hcd.o
    0x080007b4   0x00000010   Code   RO         1074    i.HAL_IncTick       stm32f4xx_hal.o
    0x080007c4   0x00000034   Code   RO         1075    i.HAL_Init          stm32f4xx_hal.o
    0x080007f8   0x00000040   Code   RO         1076    i.HAL_InitTick      stm32f4xx_hal.o
    0x08000838   0x00000058   Code   RO          449    i.HAL_MspInit       stm32f4xx_hal_msp.o
    0x08000890   0x00000040   Code   RO          931    i.HAL_NVIC_SetPriority  stm32f4xx_hal_cortex.o
    0x080008d0   0x00000024   Code   RO          932    i.HAL_NVIC_SetPriorityGrouping  stm32f4xx_hal_cortex.o
    0x080008f4   0x00000234   Code   RO         2527    i.HAL_RCCEx_PeriphCLKConfig  stm32f4xx_hal_rcc_ex.o
    0x08000b28   0x00000130   Code   RO         2164    i.HAL_RCC_ClockConfig  stm32f4xx_hal_rcc.o
    0x08000c58   0x0000000c   Code   RO         2169    i.HAL_RCC_GetHCLKFreq  stm32f4xx_hal_rcc.o
    0x08000c64   0x00000060   Code   RO         2173    i.HAL_RCC_GetSysClockFreq  stm32f4xx_hal_rcc.o
    0x08000cc4   0x0000031c   Code   RO         2176    i.HAL_RCC_OscConfig  stm32f4xx_hal_rcc.o
    0x08000fe0   0x00000018   Code   RO          934    i.HAL_SYSTICK_CLKSourceConfig  stm32f4xx_hal_cortex.o
    0x08000ff8   0x00000002   Code   RO          935    i.HAL_SYSTICK_Callback  stm32f4xx_hal_cortex.o
    0x08000ffa   0x00000028   Code   RO          936    i.HAL_SYSTICK_Config  stm32f4xx_hal_cortex.o
    0x08001022   0x00000008   Code   RO          937    i.HAL_SYSTICK_IRQHandler  stm32f4xx_hal_cortex.o
    0x0800102a   0x00000232   Code   RO         3045    i.HCD_HC_IN_IRQHandler  stm32f4xx_hal_hcd.o
    0x0800125c   0x00000216   Code   RO         3046    i.HCD_HC_OUT_IRQHandler  stm32f4xx_hal_hcd.o
    0x08001472   0x000000ac   Code   RO         3047    i.HCD_Port_IRQHandler  stm32f4xx_hal_hcd.o
    0x0800151e   0x00000002   PAD
    0x08001520   0x00000070   Code   RO         3048    i.HCD_RXQLVL_IRQHandler  stm32f4xx_hal_hcd.o
    0x08001590   0x00000184   Code   RO          497    i.MX_GPIO_Init      gpio.o
    0x08001714   0x0000000c   Code   RO          688    i.MX_USB_HOST_Process  usb_host.o
    0x08001720   0x00000020   Code   RO          938    i.NVIC_SetPriority  stm32f4xx_hal_cortex.o
    0x08001740   0x0000000c   Code   RO          563    i.OTG_HS_IRQHandler  stm32f4xx_it.o
    0x0800174c   0x0000000e   Code   RO          564    i.SysTick_Handler   stm32f4xx_it.o
    0x0800175a   0x00000002   PAD
    0x0800175c   0x000000b8   Code   RO          393    i.SystemClock_Config  main.o
    0x08001814   0x00000054   Code   RO         4479    i.SystemInit        system_stm32f4xx.o
    0x08001868   0x00000034   Code   RO         4436    i.USBH_AllocPipe    usbh_pipes.o
    0x0800189c   0x0000001e   Code   RO         4366    i.USBH_CtlReceiveData  usbh_ioreq.o
    0x080018ba   0x00000036   Code   RO         4158    i.USBH_CtlReq       usbh_ctlreq.o
    0x080018f0   0x00000028   Code   RO         4367    i.USBH_CtlSendData  usbh_ioreq.o
    0x08001918   0x0000001e   Code   RO         4368    i.USBH_CtlSendSetup  usbh_ioreq.o
    0x08001936   0x00000004   Code   RO          221    i.USBH_Delay        usbh_conf.o
    0x0800193a   0x00000018   Code   RO         4438    i.USBH_FreePipe     usbh_pipes.o
    0x08001952   0x00000034   Code   RO         4159    i.USBH_GetDescriptor  usbh_ctlreq.o
    0x08001986   0x0000000e   Code   RO         4160    i.USBH_GetNextDesc  usbh_ctlreq.o
    0x08001994   0x0000002c   Code   RO         4161    i.USBH_Get_CfgDesc  usbh_ctlreq.o
    0x080019c0   0x0000009a   Code   RO         4162    i.USBH_Get_DevDesc  usbh_ctlreq.o
    0x08001a5a   0x00000048   Code   RO         4163    i.USBH_Get_StringDesc  usbh_ctlreq.o
    0x08001aa2   0x0000017e   Code   RO         4164    i.USBH_HandleControl  usbh_ctlreq.o
    0x08001c20   0x000000f2   Code   RO         4045    i.USBH_HandleEnum   usbh_core.o
    0x08001d12   0x00000028   Code   RO         4047    i.USBH_LL_Connect   usbh_core.o
    0x08001d3a   0x00000038   Code   RO         4048    i.USBH_LL_Disconnect  usbh_core.o
    0x08001d72   0x00000022   Code   RO          226    i.USBH_LL_GetSpeed  usbh_conf.o
    0x08001d94   0x00000008   Code   RO          228    i.USBH_LL_GetURBState  usbh_conf.o
    0x08001d9c   0x0000001e   Code   RO         4049    i.USBH_LL_IncTimer  usbh_core.o
    0x08001dba   0x0000002a   Code   RO          230    i.USBH_LL_OpenPipe  usbh_conf.o
    0x08001de4   0x00000020   Code   RO          231    i.USBH_LL_ResetPort  usbh_conf.o
    0x08001e04   0x00000020   Code   RO          233    i.USBH_LL_Start     usbh_conf.o
    0x08001e24   0x00000020   Code   RO          234    i.USBH_LL_Stop      usbh_conf.o
    0x08001e44   0x00000030   Code   RO          235    i.USBH_LL_SubmitURB  usbh_conf.o
    0x08001e74   0x00000014   Code   RO         4439    i.USBH_OpenPipe     usbh_pipes.o
    0x08001e88   0x000000e8   Code   RO         4165    i.USBH_ParseCfgDesc  usbh_ctlreq.o
    0x08001f70   0x00000168   Code   RO         4051    i.USBH_Process      usbh_core.o
    0x080020d8   0x0000001c   Code   RO         4166    i.USBH_SetAddress   usbh_ctlreq.o
    0x080020f4   0x0000001c   Code   RO         4167    i.USBH_SetCfg       usbh_ctlreq.o
    0x08002110   0x00000040   Code   RO         3230    i.USB_DoPing        stm32f4xx_ll_usb.o
    0x08002150   0x0000002c   Code   RO         3231    i.USB_DriveVbus     stm32f4xx_ll_usb.o
    0x0800217c   0x0000000c   Code   RO         3237    i.USB_EnableGlobalInt  stm32f4xx_ll_usb.o
    0x08002188   0x00000020   Code   RO         3238    i.USB_FlushRxFifo   stm32f4xx_ll_usb.o
    0x080021a8   0x00000024   Code   RO         3239    i.USB_FlushTxFifo   stm32f4xx_ll_usb.o
    0x080021cc   0x0000000e   Code   RO         3242    i.USB_GetHostSpeed  stm32f4xx_ll_usb.o
    0x080021da   0x00000008   Code   RO         3243    i.USB_GetMode       stm32f4xx_ll_usb.o
    0x080021e2   0x00000148   Code   RO         3244    i.USB_HC_Halt       stm32f4xx_ll_usb.o
    0x0800232a   0x00000002   PAD
    0x0800232c   0x000000ea   Code   RO         3245    i.USB_HC_Init       stm32f4xx_ll_usb.o
    0x08002416   0x0000000c   Code   RO         3246    i.USB_HC_ReadInterrupt  stm32f4xx_ll_usb.o
    0x08002422   0x00000002   PAD
    0x08002424   0x00000188   Code   RO         3247    i.USB_HC_StartXfer  stm32f4xx_ll_usb.o
    0x080025ac   0x00000036   Code   RO         3249    i.USB_InitFSLSPClkSel  stm32f4xx_ll_usb.o
    0x080025e2   0x00000008   Code   RO         3254    i.USB_ReadInterrupts  stm32f4xx_ll_usb.o
    0x080025ea   0x00000020   Code   RO         3255    i.USB_ReadPacket    stm32f4xx_ll_usb.o
    0x0800260a   0x0000002c   Code   RO         3256    i.USB_ResetPort     stm32f4xx_ll_usb.o
    0x08002636   0x000000b2   Code   RO         3261    i.USB_StopHost      stm32f4xx_ll_usb.o
    0x080026e8   0x00000028   Code   RO         3262    i.USB_WritePacket   stm32f4xx_ll_usb.o
    0x08002710   0x0000000e   Code   RO         4574    i.__scatterload_copy  mc_w.l(handlers.o)
    0x0800271e   0x00000002   Code   RO         4575    i.__scatterload_null  mc_w.l(handlers.o)
    0x08002720   0x0000000e   Code   RO         4576    i.__scatterload_zeroinit  mc_w.l(handlers.o)
    0x0800272e   0x00000002   PAD
    0x08002730   0x00000044   Code   RO          395    i.main              main.o
    0x08002774   0x00000010   Data   RO         4480    .constdata          system_stm32f4xx.o
    0x08002784   0x00000020   Data   RO         4572    Region$$Table       anon$$obj.o


    Execution Region RW_IRAM1 (Base: 0x20000000, Size: 0x00000a70, Max: 0x00030000, ABSOLUTE)

    Base Addr    Size         Type   Attr      Idx    E Section Name        Object

    0x20000000   0x0000000c   Data   RW         1082    .data               stm32f4xx_hal.o
    0x2000000c   0x00000004   Data   RW         4482    .data               system_stm32f4xx.o
    0x20000010   0x00000298   Zero   RW          236    .bss                usbh_conf.o
    0x200002a8   0x000003c8   Zero   RW          690    .bss                usb_host.o
    0x20000670   0x00000400   Zero   RW            1    STACK               startup_stm32f429xx.o


==============================================================================

Image component sizes


      Code (inc. data)   RO Data    RW Data    ZI Data      Debug   Object Name

       388         30          0          0          0       1139   gpio.o
         0          0          0          0          0     696528   i2c.o
       252         20          0          0          0       1905   main.o
        36          8        428          0       1024        820   startup_stm32f429xx.o
       180         28          0         12          0       4457   stm32f4xx_hal.o
       206         14          0          0          0      31328   stm32f4xx_hal_cortex.o
       470         52          0          0          0       2392   stm32f4xx_hal_gpio.o
      2054          4          0          0          0      10436   stm32f4xx_hal_hcd.o
        88          0          0          0          0        506   stm32f4xx_hal_msp.o
      1208         58          0          0          0       4354   stm32f4xx_hal_rcc.o
       564         36          0          0          0       1560   stm32f4xx_hal_rcc_ex.o
        26          6          0          0          0        922   stm32f4xx_it.o
      1532         18          0          0          0      12846   stm32f4xx_ll_usb.o
        84         18         16          4          0       1107   system_stm32f4xx.o
        12          6          0          0        968        671   usb_host.o
       258          0          0          0        664      15396   usbh_conf.o
       800         20          0          0          0       5092   usbh_core.o
      1060         12          0          0          0       9094   usbh_ctlreq.o
       100          0          0          0          0       2673   usbh_ioreq.o
        96          0          0          0          0       2629   usbh_pipes.o

    ----------------------------------------------------------------------
      9424        330        476         16       2656     805855   Object Totals
         0          0         32          0          0          0   (incl. Generated)
        10          0          0          0          0          0   (incl. Padding)

    ----------------------------------------------------------------------

      Code (inc. data)   RO Data    RW Data    ZI Data      Debug   Library Member Name

         0          0          0          0          0          0   entry.o
         0          0          0          0          0          0   entry10a.o
         0          0          0          0          0          0   entry11a.o
         8          4          0          0          0          0   entry2.o
         4          0          0          0          0          0   entry5.o
         0          0          0          0          0          0   entry7b.o
         0          0          0          0          0          0   entry8b.o
         8          4          0          0          0          0   entry9a.o
        30          0          0          0          0          0   handlers.o
        36          8          0          0          0         68   init.o
        30          0          0          0          0         68   llshl.o
        32          0          0          0          0         68   llushr.o
        98          0          0          0          0         92   uldiv.o

    ----------------------------------------------------------------------
       248         16          0          0          0        296   Library Totals
         2          0          0          0          0          0   (incl. Padding)

    ----------------------------------------------------------------------

      Code (inc. data)   RO Data    RW Data    ZI Data      Debug   Library Name

       246         16          0          0          0        296   mc_w.l

    ----------------------------------------------------------------------
       248         16          0          0          0        296   Library Totals

    ----------------------------------------------------------------------

==============================================================================


      Code (inc. data)   RO Data    RW Data    ZI Data      Debug   

      9672        346        476         16       2656     798103   Grand Totals
      9672        346        476         16       2656     798103   ELF Image Totals
      9672        346        476         16          0          0   ROM Totals

==============================================================================

    Total RO  Size (Code + RO Data)                10148 (   9.91kB)
    Total RW  Size (RW Data + ZI Data)              2672 (   2.61kB)
    Total ROM Size (Code + RO Data + RW Data)      10164 (   9.93kB)

==============================================================================

